<html>
<body>
<pre>
<h1>礦ision Build Log</h1>
<h2>Tool Versions:</h2>
IDE-Version: μVision V5.33.0.0
Copyright (C) 2020 ARM Ltd and ARM Germany GmbH. All rights reserved.
License Information: zhang dong, tjzd.edu, LIC=KRMW3-AD4US-SBGEJ-U56G0-5FI8H-9HI8S
 
Tool Versions:
Toolchain:       MDK-ARM Plus  Version: 5.33.0.0
Toolchain Path:  D:\Keil_v5\ARM\ARMCC\Bin
C Compiler:      Armcc.exe V5.06 update 7 (build 960)
Assembler:       Armasm.exe V5.06 update 7 (build 960)
Linker/Locator:  ArmLink.exe V5.06 update 7 (build 960)
Library Manager: ArmAr.exe V5.06 update 7 (build 960)
Hex Converter:   FromElf.exe V5.06 update 7 (build 960)
CPU DLL:         SARMCM3.DLL V5.33.0.0
Dialog DLL:      DCM.DLL V1.17.3.0
Target DLL:      STLink\ST-LINKIII-KEIL_SWO.dll V3.0.8.0
Dialog DLL:      TCM.DLL V1.48.0.0
 
<h2>Project:</h2>
E:\8H_work\外包项目\已完成-多普勒流量计项目\提交工程\STM32\MDK-ARM\flow.uvprojx
Project File Date:  04/14/2021

<h2>Output:</h2>
*** Using Compiler 'V5.06 update 7 (build 960)', folder: 'D:\Keil_v5\ARM\ARMCC\Bin'
Build target 'flow'
assembling startup_stm32f103xe.s...
compiling stm32f1xx_hal_msp.c...
compiling crc.c...
compiling tim.c...
compiling gpio.c...
compiling adc.c...
compiling spi.c...
compiling stm32f1xx_hal_timebase_tim.c...
compiling stm32f1xx_it.c...
compiling usart.c...
compiling freertos.c...
compiling main.c...
compiling FM25CL64.c...
compiling Task07.c...
compiling Task05.c...
compiling fatfs.c...
compiling UserCom.c...
compiling user_diskio.c...
../FATFS/Target/user_diskio.c(174): warning:  #550-D: variable "res"  was set but never used
    DRESULT res = RES_OK;
../FATFS/Target/user_diskio.c: 1 warning, 0 errors
compiling Task04.c...
compiling Task03.c...
compiling Task06.c...
compiling Task01.c...
compiling SoftCRC.c...
..\Drivers\Hardware\SoftCRC.h(8): warning:  #1-D: last line of file ends without a newline
  #endif /*__SOFTCRC_H*/
..\Drivers\Hardware\SoftCRC.c: 1 warning, 0 errors
compiling Task02.c...
..\Drivers\Hardware\SoftCRC.h(8): warning:  #1-D: last line of file ends without a newline
  #endif /*__SOFTCRC_H*/
..\Task\Task02.c: 1 warning, 0 errors
compiling stm32f1xx_hal_gpio_ex.c...
compiling SDcard.c...
compiling pcf8563.c...
compiling stm32f1xx_hal.c...
compiling stm32f1xx_hal_adc_ex.c...
compiling Doppler.c...
..\Drivers\Hardware\SoftCRC.h(8): warning:  #1-D: last line of file ends without a newline
  #endif /*__SOFTCRC_H*/
..\Drivers\Hardware\Doppler.c: 1 warning, 0 errors
compiling Modbus.c...
..\Drivers\Hardware\SoftCRC.h(8): warning:  #1-D: last line of file ends without a newline
  #endif /*__SOFTCRC_H*/
..\Drivers\Hardware\Modbus.c(145): warning:  #940-D: missing return statement at end of non-void function "ATC" 
  }
..\Drivers\Hardware\Modbus.c: 2 warnings, 0 errors
compiling Dwin.c...
compiling stm32f1xx_hal_rcc.c...
compiling ModbusSlave.c...
..\Drivers\Hardware\SoftCRC.h(8): warning:  #1-D: last line of file ends without a newline
  #endif /*__SOFTCRC_H*/
..\Drivers\Hardware\ModbusSlave.c(268): warning:  #111-D: statement is unreachable
  			break;
..\Drivers\Hardware\ModbusSlave.c: 2 warnings, 0 errors
compiling stm32f1xx_hal_adc.c...
compiling stm32f1xx_hal_crc.c...
compiling stm32f1xx_hal_rcc_ex.c...
compiling stm32f1xx_hal_gpio.c...
compiling stm32f1xx_hal_flash.c...
compiling stm32f1xx_hal_cortex.c...
compiling stm32f1xx_hal_pwr.c...
compiling stm32f1xx_hal_exti.c...
compiling stm32f1xx_hal_flash_ex.c...
compiling stm32f1xx_hal_spi.c...
compiling stm32f1xx_hal_dma.c...
compiling croutine.c...
compiling event_groups.c...
compiling list.c...
compiling stm32f1xx_hal_tim.c...
compiling queue.c...
compiling stream_buffer.c...
compiling tasks.c...
compiling timers.c...
compiling cmsis_os.c...
compiling heap_4.c...
compiling port.c...
compiling system_stm32f1xx.c...
compiling stm32f1xx_hal_uart.c...
compiling syscall.c...
compiling stm32f1xx_hal_tim_ex.c...
compiling ff_gen_drv.c...
compiling diskio.c...
compiling cc936.c...
compiling ff.c...
linking...
Program Size: Code=51232 RO-data=176524 RW-data=252 ZI-data=20308  
FromELF: creating hex file...
"flow\flow.axf" - 0 Error(s), 8 Warning(s).

<h2>Software Packages used:</h2>

Package Vendor: ARM
                http://www.keil.com/pack/ARM.CMSIS.5.7.0.pack
                ARM.CMSIS.5.7.0
                CMSIS (Cortex Microcontroller Software Interface Standard)
   * Component: CORE Version: 5.4.0

Package Vendor: Keil
                http://www.keil.com/pack/Keil.STM32F1xx_DFP.2.3.0.pack
                Keil.STM32F1xx_DFP.2.3.0
                STMicroelectronics STM32F1 Series Device Support, Drivers and Examples

<h2>Collection of Component include folders:</h2>
  .\RTE\_flow
  D:\Users\17122\AppData\Local\Arm\Packs\ARM\CMSIS\5.7.0\CMSIS\Core\Include
  D:\Users\17122\AppData\Local\Arm\Packs\Keil\STM32F1xx_DFP\2.3.0\Device\Include

<h2>Collection of Component Files used:</h2>

   * Component: ARM::CMSIS:CORE:5.4.0
Build Time Elapsed:  00:00:38
</pre>
</body>
</html>
