Component: ARM Compiler 5.06 update 7 (build 960) Tool: armlink [4d3601]

==============================================================================

Section Cross References

    startup_stm32f103xe.o(RESET) refers to startup_stm32f103xe.o(STACK) for __initial_sp
    startup_stm32f103xe.o(RESET) refers to startup_stm32f103xe.o(.text) for Reset_Handler
    startup_stm32f103xe.o(RESET) refers to stm32f1xx_it.o(i.NMI_Handler) for NMI_Handler
    startup_stm32f103xe.o(RESET) refers to stm32f1xx_it.o(i.HardFault_Handler) for HardFault_Handler
    startup_stm32f103xe.o(RESET) refers to stm32f1xx_it.o(i.MemManage_Handler) for MemManage_Handler
    startup_stm32f103xe.o(RESET) refers to stm32f1xx_it.o(i.BusFault_Handler) for BusFault_Handler
    startup_stm32f103xe.o(RESET) refers to stm32f1xx_it.o(i.UsageFault_Handler) for UsageFault_Handler
    startup_stm32f103xe.o(RESET) refers to port.o(.emb_text) for SVC_Handler
    startup_stm32f103xe.o(RESET) refers to stm32f1xx_it.o(i.DebugMon_Handler) for DebugMon_Handler
    startup_stm32f103xe.o(RESET) refers to port.o(i.SysTick_Handler) for SysTick_Handler
    startup_stm32f103xe.o(RESET) refers to stm32f1xx_it.o(i.USART1_IRQHandler) for USART1_IRQHandler
    startup_stm32f103xe.o(RESET) refers to stm32f1xx_it.o(i.USART2_IRQHandler) for USART2_IRQHandler
    startup_stm32f103xe.o(RESET) refers to stm32f1xx_it.o(i.USART3_IRQHandler) for USART3_IRQHandler
    startup_stm32f103xe.o(RESET) refers to stm32f1xx_it.o(i.UART4_IRQHandler) for UART4_IRQHandler
    startup_stm32f103xe.o(RESET) refers to stm32f1xx_it.o(i.UART5_IRQHandler) for UART5_IRQHandler
    startup_stm32f103xe.o(RESET) refers to stm32f1xx_it.o(i.TIM6_IRQHandler) for TIM6_IRQHandler
    startup_stm32f103xe.o(RESET) refers to stm32f1xx_it.o(i.TIM7_IRQHandler) for TIM7_IRQHandler
    startup_stm32f103xe.o(.text) refers to system_stm32f1xx.o(i.SystemInit) for SystemInit
    startup_stm32f103xe.o(.text) refers to entry.o(.ARM.Collect$$$$00000000) for __main
    main.o(i.HAL_TIM_PeriodElapsedCallback) refers to stm32f1xx_hal.o(i.HAL_IncTick) for HAL_IncTick
    main.o(i.SystemClock_Config) refers to memseta.o(.text) for __aeabi_memclr4
    main.o(i.SystemClock_Config) refers to stm32f1xx_hal_rcc.o(i.HAL_RCC_OscConfig) for HAL_RCC_OscConfig
    main.o(i.SystemClock_Config) refers to main.o(i.Error_Handler) for Error_Handler
    main.o(i.SystemClock_Config) refers to stm32f1xx_hal_rcc.o(i.HAL_RCC_ClockConfig) for HAL_RCC_ClockConfig
    main.o(i.SystemClock_Config) refers to stm32f1xx_hal_rcc_ex.o(i.HAL_RCCEx_PeriphCLKConfig) for HAL_RCCEx_PeriphCLKConfig
    main.o(i.main) refers to stm32f1xx_hal.o(i.HAL_Init) for HAL_Init
    main.o(i.main) refers to main.o(i.SystemClock_Config) for SystemClock_Config
    main.o(i.main) refers to gpio.o(i.MX_GPIO_Init) for MX_GPIO_Init
    main.o(i.main) refers to adc.o(i.MX_ADC1_Init) for MX_ADC1_Init
    main.o(i.main) refers to spi.o(i.MX_SPI1_Init) for MX_SPI1_Init
    main.o(i.main) refers to tim.o(i.MX_TIM3_Init) for MX_TIM3_Init
    main.o(i.main) refers to usart.o(i.MX_UART4_Init) for MX_UART4_Init
    main.o(i.main) refers to usart.o(i.MX_UART5_Init) for MX_UART5_Init
    main.o(i.main) refers to usart.o(i.MX_USART1_UART_Init) for MX_USART1_UART_Init
    main.o(i.main) refers to usart.o(i.MX_USART2_UART_Init) for MX_USART2_UART_Init
    main.o(i.main) refers to usart.o(i.MX_USART3_UART_Init) for MX_USART3_UART_Init
    main.o(i.main) refers to fatfs.o(i.MX_FATFS_Init) for MX_FATFS_Init
    main.o(i.main) refers to crc.o(i.MX_CRC_Init) for MX_CRC_Init
    main.o(i.main) refers to tim.o(i.MX_TIM6_Init) for MX_TIM6_Init
    main.o(i.main) refers to freertos.o(i.MX_FREERTOS_Init) for MX_FREERTOS_Init
    main.o(i.main) refers to cmsis_os.o(i.osKernelStart) for osKernelStart
    gpio.o(i.MX_GPIO_Init) refers to stm32f1xx_hal_gpio.o(i.HAL_GPIO_WritePin) for HAL_GPIO_WritePin
    gpio.o(i.MX_GPIO_Init) refers to stm32f1xx_hal_gpio.o(i.HAL_GPIO_Init) for HAL_GPIO_Init
    freertos.o(i.MX_FREERTOS_Init) refers to memcpya.o(.text) for __aeabi_memcpy4
    freertos.o(i.MX_FREERTOS_Init) refers to cmsis_os.o(i.osThreadCreate) for osThreadCreate
    freertos.o(i.MX_FREERTOS_Init) refers to freertos.o(.constdata) for .constdata
    freertos.o(i.MX_FREERTOS_Init) refers to freertos.o(.data) for Task01Handle
    freertos.o(i.StartTask01) refers to task01.o(i.Task01Main) for Task01Main
    freertos.o(i.StartTask01) refers to cmsis_os.o(i.osDelay) for osDelay
    freertos.o(i.StartTask02) refers to task02.o(i.Task02Main) for Task02Main
    freertos.o(i.StartTask02) refers to cmsis_os.o(i.osDelay) for osDelay
    freertos.o(i.StartTask03) refers to task03.o(i.Task03Main) for Task03Main
    freertos.o(i.StartTask03) refers to cmsis_os.o(i.osDelay) for osDelay
    freertos.o(i.StartTask04) refers to task04.o(i.Task04Main) for Task04Main
    freertos.o(i.StartTask04) refers to cmsis_os.o(i.osDelay) for osDelay
    freertos.o(i.StartTask05) refers to task05.o(i.Task05Main) for Task05Main
[...]
    _double_epilogue                         0x0800096d   Thumb Code   156  depilogue.o(.text)
    __aeabi_d2ulz                            0x08000a09   Thumb Code    48  dfixul.o(.text)
    __aeabi_cdrcmple                         0x08000a39   Thumb Code    48  cdrcmple.o(.text)
    __scatterload                            0x08000a69   Thumb Code    28  init.o(.text)
    __scatterload_rt2                        0x08000a69   Thumb Code     0  init.o(.text)
    ADC_ConversionStop_Disable               0x08000a8d   Thumb Code    82  stm32f1xx_hal_adc.o(i.ADC_ConversionStop_Disable)
    ATC                                      0x08000adf   Thumb Code   106  modbus.o(i.ATC)
    BusFault_Handler                         0x08000be5   Thumb Code     4  stm32f1xx_it.o(i.BusFault_Handler)
    CalCRC16                                 0x08000be9   Thumb Code    50  softcrc.o(i.CalCRC16)
    DebugMon_Handler                         0x08000c25   Thumb Code     2  stm32f1xx_it.o(i.DebugMon_Handler)
    Disp_SendArr                             0x08000c29   Thumb Code    58  dwin.o(i.Disp_SendArr)
    Disp_WrBlock                             0x08000c71   Thumb Code   272  dwin.o(i.Disp_WrBlock)
    Disp_WrFloat                             0x08000d81   Thumb Code    58  dwin.o(i.Disp_WrFloat)
    Disp_WrInt16                             0x08000dbb   Thumb Code    58  dwin.o(i.Disp_WrInt16)
    Disp_WrInt32                             0x08000df5   Thumb Code    58  dwin.o(i.Disp_WrInt32)
    Disp_WrRtc                               0x08000e31   Thumb Code   142  dwin.o(i.Disp_WrRtc)
    Error_Handler                            0x08000ec5   Thumb Code     2  main.o(i.Error_Handler)
    FATFS_LinkDriver                         0x08000ec7   Thumb Code    18  ff_gen_drv.o(i.FATFS_LinkDriver)
    FATFS_LinkDriverEx                       0x08000ed9   Thumb Code    78  ff_gen_drv.o(i.FATFS_LinkDriverEx)
    FM_Rec                                   0x08000f2d   Thumb Code    62  fm25cl64.o(i.FM_Rec)
    FM_Send                                  0x08000f71   Thumb Code    74  fm25cl64.o(i.FM_Send)
    HAL_ADC_ConfigChannel                    0x08000fc1   Thumb Code   338  stm32f1xx_hal_adc.o(i.HAL_ADC_ConfigChannel)
    HAL_ADC_Init                             0x08001121   Thumb Code   340  stm32f1xx_hal_adc.o(i.HAL_ADC_Init)
    HAL_ADC_MspInit                          0x08001281   Thumb Code    98  adc.o(i.HAL_ADC_MspInit)
    HAL_CRC_Init                             0x080012f1   Thumb Code    32  stm32f1xx_hal_crc.o(i.HAL_CRC_Init)
    HAL_CRC_MspInit                          0x08001311   Thumb Code    40  crc.o(i.HAL_CRC_MspInit)
    HAL_DMA_Abort_IT                         0x08001341   Thumb Code   414  stm32f1xx_hal_dma.o(i.HAL_DMA_Abort_IT)
    HAL_GPIO_Init                            0x080014e9   Thumb Code   792  stm32f1xx_hal_gpio.o(i.HAL_GPIO_Init)
    HAL_GPIO_ReadPin                         0x08001829   Thumb Code    16  stm32f1xx_hal_gpio.o(i.HAL_GPIO_ReadPin)
    HAL_GPIO_WritePin                        0x08001839   Thumb Code    12  stm32f1xx_hal_gpio.o(i.HAL_GPIO_WritePin)
    HAL_GetTick                              0x08001845   Thumb Code     6  stm32f1xx_hal.o(i.HAL_GetTick)
    HAL_IncTick                              0x08001851   Thumb Code    16  stm32f1xx_hal.o(i.HAL_IncTick)
    HAL_Init                                 0x08001869   Thumb Code    34  stm32f1xx_hal.o(i.HAL_Init)
    HAL_InitTick                             0x08001891   Thumb Code   118  stm32f1xx_hal_timebase_tim.o(i.HAL_InitTick)
    HAL_MspInit                              0x08001919   Thumb Code    76  stm32f1xx_hal_msp.o(i.HAL_MspInit)
    HAL_NVIC_EnableIRQ                       0x0800196d   Thumb Code    32  stm32f1xx_hal_cortex.o(i.HAL_NVIC_EnableIRQ)
    HAL_NVIC_SetPriority                     0x0800198d   Thumb Code   124  stm32f1xx_hal_cortex.o(i.HAL_NVIC_SetPriority)
    HAL_NVIC_SetPriorityGrouping             0x08001a09   Thumb Code    32  stm32f1xx_hal_cortex.o(i.HAL_NVIC_SetPriorityGrouping)
    HAL_RCCEx_PeriphCLKConfig                0x08001a31   Thumb Code   290  stm32f1xx_hal_rcc_ex.o(i.HAL_RCCEx_PeriphCLKConfig)
    HAL_RCC_ClockConfig                      0x08001b61   Thumb Code   376  stm32f1xx_hal_rcc.o(i.HAL_RCC_ClockConfig)
    HAL_RCC_GetClockConfig                   0x08001ced   Thumb Code    58  stm32f1xx_hal_rcc.o(i.HAL_RCC_GetClockConfig)
    HAL_RCC_GetHCLKFreq                      0x08001d31   Thumb Code     6  stm32f1xx_hal_rcc.o(i.HAL_RCC_GetHCLKFreq)
    HAL_RCC_GetPCLK1Freq                     0x08001d3d   Thumb Code    22  stm32f1xx_hal_rcc.o(i.HAL_RCC_GetPCLK1Freq)
    HAL_RCC_GetPCLK2Freq                     0x08001d5d   Thumb Code    22  stm32f1xx_hal_rcc.o(i.HAL_RCC_GetPCLK2Freq)
    HAL_RCC_GetSysClockFreq                  0x08001d7d   Thumb Code   116  stm32f1xx_hal_rcc.o(i.HAL_RCC_GetSysClockFreq)
    HAL_RCC_OscConfig                        0x08001e11   Thumb Code  1114  stm32f1xx_hal_rcc.o(i.HAL_RCC_OscConfig)
    HAL_SPI_Init                             0x08002275   Thumb Code   190  stm32f1xx_hal_spi.o(i.HAL_SPI_Init)
    HAL_SPI_MspInit                          0x08002335   Thumb Code   120  spi.o(i.HAL_SPI_MspInit)
    HAL_SPI_Transmit                         0x080023b9   Thumb Code   430  stm32f1xx_hal_spi.o(i.HAL_SPI_Transmit)
    HAL_TIMEx_BreakCallback                  0x08002567   Thumb Code     2  stm32f1xx_hal_tim_ex.o(i.HAL_TIMEx_BreakCallback)
    HAL_TIMEx_CommutCallback                 0x08002569   Thumb Code     2  stm32f1xx_hal_tim_ex.o(i.HAL_TIMEx_CommutCallback)
    HAL_TIMEx_MasterConfigSynchronization    0x0800256d   Thumb Code   134  stm32f1xx_hal_tim_ex.o(i.HAL_TIMEx_MasterConfigSynchronization)
    HAL_TIM_Base_Init                        0x08002609   Thumb Code   102  stm32f1xx_hal_tim.o(i.HAL_TIM_Base_Init)
    HAL_TIM_Base_MspInit                     0x08002671   Thumb Code    94  tim.o(i.HAL_TIM_Base_MspInit)
    HAL_TIM_Base_Start_IT                    0x080026dd   Thumb Code   122  stm32f1xx_hal_tim.o(i.HAL_TIM_Base_Start_IT)
    HAL_TIM_ConfigClockSource                0x0800276d   Thumb Code   264  stm32f1xx_hal_tim.o(i.HAL_TIM_ConfigClockSource)
    HAL_TIM_IC_CaptureCallback               0x08002875   Thumb Code     2  stm32f1xx_hal_tim.o(i.HAL_TIM_IC_CaptureCallback)
    HAL_TIM_IRQHandler                       0x08002877   Thumb Code   406  stm32f1xx_hal_tim.o(i.HAL_TIM_IRQHandler)
    HAL_TIM_MspPostInit                      0x08002a0d   Thumb Code    74  tim.o(i.HAL_TIM_MspPostInit)
    HAL_TIM_OC_DelayElapsedCallback          0x08002a65   Thumb Code     2  stm32f1xx_hal_tim.o(i.HAL_TIM_OC_DelayElapsedCallback)
    HAL_TIM_PWM_ConfigChannel                0x08002a67   Thumb Code   252  stm32f1xx_hal_tim.o(i.HAL_TIM_PWM_ConfigChannel)
    HAL_TIM_PWM_Init                         0x08002b63   Thumb Code   102  stm32f1xx_hal_tim.o(i.HAL_TIM_PWM_Init)
    HAL_TIM_PWM_MspInit                      0x08002bc9   Thumb Code     2  stm32f1xx_hal_tim.o(i.HAL_TIM_PWM_MspInit)
    HAL_TIM_PWM_PulseFinishedCallback        0x08002bcb   Thumb Code     2  stm32f1xx_hal_tim.o(i.HAL_TIM_PWM_PulseFinishedCallback)
    HAL_TIM_PWM_Start                        0x08002bcd   Thumb Code   222  stm32f1xx_hal_tim.o(i.HAL_TIM_PWM_Start)
    HAL_TIM_PeriodElapsedCallback            0x08002cc1   Thumb Code    18  main.o(i.HAL_TIM_PeriodElapsedCallback)
    HAL_TIM_TriggerCallback                  0x08002cd9   Thumb Code     2  stm32f1xx_hal_tim.o(i.HAL_TIM_TriggerCallback)
    HAL_UART_ErrorCallback                   0x08002cdb   Thumb Code     2  stm32f1xx_hal_uart.o(i.HAL_UART_ErrorCallback)
    HAL_UART_IRQHandler                      0x08002cdd   Thumb Code   334  stm32f1xx_hal_uart.o(i.HAL_UART_IRQHandler)
    HAL_UART_Init                            0x08002e31   Thumb Code   114  stm32f1xx_hal_uart.o(i.HAL_UART_Init)
    HAL_UART_MspInit                         0x08002ea5   Thumb Code   640  usart.o(i.HAL_UART_MspInit)
    HAL_UART_RxCpltCallback                  0x0800314d   Thumb Code     2  stm32f1xx_hal_uart.o(i.HAL_UART_RxCpltCallback)
    HAL_UART_Transmit                        0x0800314f   Thumb Code   210  stm32f1xx_hal_uart.o(i.HAL_UART_Transmit)
    HAL_UART_TxCpltCallback                  0x08003221   Thumb Code     2  stm32f1xx_hal_uart.o(i.HAL_UART_TxCpltCallback)
    HardFault_Handler                        0x08003223   Thumb Code     4  stm32f1xx_it.o(i.HardFault_Handler)
    LEDstate                                 0x08003229   Thumb Code    32  task02.o(i.LEDstate)
    MX_ADC1_Init                             0x0800324d   Thumb Code    82  adc.o(i.MX_ADC1_Init)
    MX_CRC_Init                              0x080032a9   Thumb Code    22  crc.o(i.MX_CRC_Init)
    MX_FATFS_Init                            0x080032c9   Thumb Code    16  fatfs.o(i.MX_FATFS_Init)
    MX_FREERTOS_Init                         0x080032e5   Thumb Code   174  freertos.o(i.MX_FREERTOS_Init)
    MX_GPIO_Init                             0x080033b5   Thumb Code   322  gpio.o(i.MX_GPIO_Init)
    MX_SPI1_Init                             0x08003509   Thumb Code    64  spi.o(i.MX_SPI1_Init)
    MX_TIM3_Init                             0x08003551   Thumb Code   154  tim.o(i.MX_TIM3_Init)
    MX_TIM6_Init                             0x080035f5   Thumb Code    66  tim.o(i.MX_TIM6_Init)
    MX_UART4_Init                            0x08003641   Thumb Code    46  usart.o(i.MX_UART4_Init)
    MX_UART5_Init                            0x08003679   Thumb Code    46  usart.o(i.MX_UART5_Init)
    MX_USART1_UART_Init                      0x080036b1   Thumb Code    46  usart.o(i.MX_USART1_UART_Init)
    MX_USART2_UART_Init                      0x080036e9   Thumb Code    46  usart.o(i.MX_USART2_UART_Init)
    MX_USART3_UART_Init                      0x08003721   Thumb Code    46  usart.o(i.MX_USART3_UART_Init)
    MbNregRead                               0x08003759   Thumb Code    66  modbusslave.o(i.MbNregRead)
    MbNregWrite                              0x080037a1   Thumb Code    50  modbusslave.o(i.MbNregWrite)
    MbRegReadRTU                             0x080037d9   Thumb Code   632  modbusslave.o(i.MbRegReadRTU)
    MbRegWriteRTU                            0x08003a59   Thumb Code   444  modbusslave.o(i.MbRegWriteRTU)
    MemManage_Handler                        0x08003c19   Thumb Code     4  stm32f1xx_it.o(i.MemManage_Handler)
    ModBusComCheck                           0x08003c1d   Thumb Code    80  task04.o(i.ModBusComCheck)
    ModBusRTUslave                           0x08003c75   Thumb Code   378  modbusslave.o(i.ModBusRTUslave)
    ModbusSlave                              0x08003dfd   Thumb Code   114  modbusslave.o(i.ModbusSlave)
    ModbusTx                                 0x08003e7d   Thumb Code   114  modbusslave.o(i.ModbusTx)
    NMI_Handler                              0x08003efd   Thumb Code     2  stm32f1xx_it.o(i.NMI_Handler)
    ReadFM                                   0x08003ff5   Thumb Code    76  fm25cl64.o(i.ReadFM)
    ReadPCF8563                              0x08004045   Thumb Code   108  pcf8563.o(i.ReadPCF8563)
    ReadTime                                 0x080040b5   Thumb Code   242  pcf8563.o(i.ReadTime)
    RecToBuf                                 0x080041ad   Thumb Code   354  usercom.o(i.RecToBuf)
    RxDataAnalyze                            0x08004319   Thumb Code   630  task05.o(i.RxDataAnalyze)
    SD_GetCID                                0x080045a1   Thumb Code    36  sdcard.o(i.SD_GetCID)
    SD_GetCSD                                0x080045c5   Thumb Code    36  sdcard.o(i.SD_GetCSD)
    SD_Init                                  0x080045e9   Thumb Code   468  sdcard.o(i.SD_Init)
    SD_ReadMultiBlock                        0x080047c5   Thumb Code   104  sdcard.o(i.SD_ReadMultiBlock)
    SD_ReadSingleBlock                       0x08004831   Thumb Code    52  sdcard.o(i.SD_ReadSingleBlock)
    SD_ReceiveData                           0x08004865   Thumb Code   124  sdcard.o(i.SD_ReceiveData)
    SD_SendCommand                           0x080048e5   Thumb Code   118  sdcard.o(i.SD_SendCommand)
    SD_SendCommand_NoDeassert                0x08004961   Thumb Code   102  sdcard.o(i.SD_SendCommand_NoDeassert)
    SD_WaitReady                             0x080049cd   Thumb Code    34  sdcard.o(i.SD_WaitReady)
    SD_WriteMultiBlock                       0x080049f1   Thumb Code   226  sdcard.o(i.SD_WriteMultiBlock)
    SD_WriteSingleBlock                      0x08004add   Thumb Code   192  sdcard.o(i.SD_WriteSingleBlock)
    SDmount                                  0x08004ba1   Thumb Code   106  task01.o(i.SDmount)
    SPI_FLASH_SendByte                       0x08004c45   Thumb Code    50  sdcard.o(i.SPI_FLASH_SendByte)
    SPI_I2S_ReceiveData                      0x08004c81   Thumb Code     8  sdcard.o(i.SPI_I2S_ReceiveData)
    SPI_SetSpeed                             0x08004c89   Thumb Code    74  sdcard.o(i.SPI_SetSpeed)
    StartTask01                              0x08004ec5   Thumb Code    14  freertos.o(i.StartTask01)
    StartTask02                              0x08004ed3   Thumb Code    14  freertos.o(i.StartTask02)
    StartTask03                              0x08004ee1   Thumb Code    14  freertos.o(i.StartTask03)
    StartTask04                              0x08004eef   Thumb Code    14  freertos.o(i.StartTask04)
    StartTask05                              0x08004efd   Thumb Code    14  freertos.o(i.StartTask05)
    StartTask06                              0x08004f0b   Thumb Code    14  freertos.o(i.StartTask06)
    StartTask07                              0x08004f19   Thumb Code    14  freertos.o(i.StartTask07)
    SysTick_Handler                          0x08005069   Thumb Code    46  port.o(i.SysTick_Handler)
    SystemClock_Config                       0x0800509d   Thumb Code   130  main.o(i.SystemClock_Config)
    SystemInit                               0x0800511f   Thumb Code     2  system_stm32f1xx.o(i.SystemInit)
    TIM6_IRQHandler                          0x08005121   Thumb Code    10  stm32f1xx_it.o(i.TIM6_IRQHandler)
    TIM7_IRQHandler                          0x08005131   Thumb Code    10  stm32f1xx_it.o(i.TIM7_IRQHandler)
    TIM_Base_SetConfig                       0x08005141   Thumb Code   134  stm32f1xx_hal_tim.o(i.TIM_Base_SetConfig)
    TIM_CCxChannelCmd                        0x080051dd   Thumb Code    34  stm32f1xx_hal_tim.o(i.TIM_CCxChannelCmd)
    TIM_ETR_SetConfig                        0x080051ff   Thumb Code    22  stm32f1xx_hal_tim.o(i.TIM_ETR_SetConfig)
    TIM_OC2_SetConfig                        0x08005299   Thumb Code   114  stm32f1xx_hal_tim.o(i.TIM_OC2_SetConfig)
    TRenSet                                  0x08005431   Thumb Code    94  usercom.o(i.TRenSet)
    Task01Main                               0x08005499   Thumb Code    30  task01.o(i.Task01Main)
    Task02Main                               0x080054bd   Thumb Code    34  task02.o(i.Task02Main)
    Task03Main                               0x080054e9   Thumb Code   120  task03.o(i.Task03Main)
    Task04Main                               0x0800557d   Thumb Code    34  task04.o(i.Task04Main)
    Task05Main                               0x080055a5   Thumb Code    22  task05.o(i.Task05Main)
    Task06Main                               0x080055bd   Thumb Code    30  task06.o(i.Task06Main)
    Task07Main                               0x080055e1   Thumb Code    10  task07.o(i.Task07Main)
    TxData                                   0x080055ed   Thumb Code   210  usercom.o(i.TxData)
    TxReadRegCmd                             0x080056d9   Thumb Code   358  doppler.o(i.TxReadRegCmd)
    TxWriteRegCmd                            0x08005845   Thumb Code  1060  doppler.o(i.TxWriteRegCmd)
    UART4_IRQHandler                         0x08005c6d   Thumb Code    16  stm32f1xx_it.o(i.UART4_IRQHandler)
    UART5_IRQHandler                         0x08005c81   Thumb Code    16  stm32f1xx_it.o(i.UART5_IRQHandler)
    USART1_IRQHandler                        0x08005f51   Thumb Code    16  stm32f1xx_it.o(i.USART1_IRQHandler)
    USART2_IRQHandler                        0x08005f65   Thumb Code    16  stm32f1xx_it.o(i.USART2_IRQHandler)
    USART3_IRQHandler                        0x08005f79   Thumb Code    16  stm32f1xx_it.o(i.USART3_IRQHandler)
    USER_initialize                          0x08005f8d   Thumb Code    38  user_diskio.o(i.USER_initialize)
    USER_ioctl                               0x08005fb9   Thumb Code   152  user_diskio.o(i.USER_ioctl)
    USER_read                                0x08006055   Thumb Code    62  user_diskio.o(i.USER_read)
    USER_status                              0x08006095   Thumb Code    18  user_diskio.o(i.USER_status)
    USER_write                               0x080060ad   Thumb Code    62  user_diskio.o(i.USER_write)
    UsageFault_Handler                       0x080060eb   Thumb Code     4  stm32f1xx_it.o(i.UsageFault_Handler)
    WriteFM                                  0x080060f1   Thumb Code    84  fm25cl64.o(i.WriteFM)
    WritePCF8563                             0x08006149   Thumb Code    82  pcf8563.o(i.WritePCF8563)
    WriteTime                                0x080061a1   Thumb Code   224  pcf8563.o(i.WriteTime)
    Write_Disable                            0x08006285   Thumb Code    32  fm25cl64.o(i.Write_Disable)
    Write_Enable                             0x080062a9   Thumb Code    32  fm25cl64.o(i.Write_Enable)
    __0sprintf                               0x080062cd   Thumb Code    34  printfa.o(i.__0sprintf)
    __1sprintf                               0x080062cd   Thumb Code     0  printfa.o(i.__0sprintf)
    __2sprintf                               0x080062cd   Thumb Code     0  printfa.o(i.__0sprintf)
    __c89sprintf                             0x080062cd   Thumb Code     0  printfa.o(i.__0sprintf)
    sprintf                                  0x080062cd   Thumb Code     0  printfa.o(i.__0sprintf)
    __scatterload_copy                       0x0800632d   Thumb Code    14  handlers.o(i.__scatterload_copy)
    __scatterload_null                       0x0800633b   Thumb Code     2  handlers.o(i.__scatterload_null)
    __scatterload_zeroinit                   0x0800633d   Thumb Code    14  handlers.o(i.__scatterload_zeroinit)
    baudRate                                 0x08006be1   Thumb Code    64  task04.o(i.baudRate)
    bpsTF                                    0x08006c25   Thumb Code    92  task05.o(i.bpsTF)
    bufToCfgStruct                           0x08006c81   Thumb Code   108  doppler.o(i.bufToCfgStruct)
    bufToMsuStruct                           0x08006ced   Thumb Code    86  doppler.o(i.bufToMsuStruct)
    cfgDataSync                              0x08006d43   Thumb Code   226  task03.o(i.cfgDataSync)
    clust2sect                               0x08006fc9   Thumb Code    32  ff.o(i.clust2sect)
    createCsvFile                            0x08007079   Thumb Code    38  task01.o(i.createCsvFile)
    currentCtrl                              0x08007445   Thumb Code   252  task06.o(i.currentCtrl)
    currentTFmaster                          0x08007551   Thumb Code    50  task06.o(i.currentTFmaster)
    dataRecording                            0x08007591   Thumb Code   194  task01.o(i.dataRecording)
    diskMountMaster                          0x08007bc1   Thumb Code    48  task01.o(i.diskMountMaster)
    diskRemoveCheck                          0x08007bf9   Thumb Code    20  task01.o(i.diskRemoveCheck)
    disk_initialize                          0x08007c15   Thumb Code    40  diskio.o(i.disk_initialize)
    disk_ioctl                               0x08007c41   Thumb Code    36  diskio.o(i.disk_ioctl)
    disk_read                                0x08007c69   Thumb Code    42  diskio.o(i.disk_read)
    disk_status                              0x08007c99   Thumb Code    24  diskio.o(i.disk_status)
    disk_write                               0x08007cb5   Thumb Code    42  diskio.o(i.disk_write)
    dwinChToInt32                            0x08007ce5   Thumb Code    28  dwin.o(i.dwinChToInt32)
    dwinFloatToCh                            0x08007d01   Thumb Code    24  dwin.o(i.dwinFloatToCh)
    dwinInt32ToCh                            0x08007d19   Thumb Code    24  dwin.o(i.dwinInt32ToCh)
    f_close                                  0x08007d59   Thumb Code    60  ff.o(i.f_close)
    f_lseek                                  0x08007d95   Thumb Code  1014  ff.o(i.f_lseek)
    f_mkfs                                   0x0800818d   Thumb Code  1580  ff.o(i.f_mkfs)
    f_mount                                  0x080087d1   Thumb Code   136  ff.o(i.f_mount)
    f_open                                   0x0800885d   Thumb Code   494  ff.o(i.f_open)
    f_printf                                 0x08008a4b   Thumb Code   628  ff.o(i.f_printf)
    f_sync                                   0x08008cbf   Thumb Code   222  ff.o(i.f_sync)
    f_write                                  0x08008d9d   Thumb Code   710  ff.o(i.f_write)
    ff_convert                               0x08009065   Thumb Code   116  cc936.o(i.ff_convert)
    ff_cre_syncobj                           0x080090e1   Thumb Code    38  syscall.o(i.ff_cre_syncobj)
    ff_del_syncobj                           0x08009107   Thumb Code    14  syscall.o(i.ff_del_syncobj)
    ff_rel_grant                             0x08009115   Thumb Code    12  syscall.o(i.ff_rel_grant)
    ff_req_grant                             0x08009121   Thumb Code    24  syscall.o(i.ff_req_grant)
    ff_wtoupper                              0x08009139   Thumb Code    46  cc936.o(i.ff_wtoupper)
    getASCIItoCh                             0x08009741   Thumb Code    30  modbus.o(i.getASCIItoCh)
    getBackCheck                             0x08009761   Thumb Code   148  task05.o(i.getBackCheck)
    getDouble                                0x08009801   Thumb Code    46  modbus.o(i.getDouble)
    getFloat                                 0x0800982f   Thumb Code    28  modbus.o(i.getFloat)
    getInt16                                 0x0800984b   Thumb Code    16  modbus.o(i.getInt16)
    getInt32                                 0x0800985b   Thumb Code    28  modbus.o(i.getInt32)
    getLRC                                   0x08009877   Thumb Code    50  modbus.o(i.getLRC)
    getRecState                              0x080098a9   Thumb Code   134  doppler.o(i.getRecState)
    get_fat                                  0x08009935   Thumb Code   238  ff.o(i.get_fat)
    get_fattime                              0x08009a23   Thumb Code     4  fatfs.o(i.get_fattime)
    loadDefaultCfg                           0x08009b8d   Thumb Code    72  task02.o(i.loadDefaultCfg)
    main                                     0x08009beb   Thumb Code    68  main.o(i.main)
    msuDataAverage                           0x08009cc9   Thumb Code   212  task03.o(i.msuDataAverage)
    osDelay                                  0x08009d9d   Thumb Code    24  cmsis_os.o(i.osDelay)
    osKernelStart                            0x08009db5   Thumb Code    10  cmsis_os.o(i.osKernelStart)
    osSemaphoreCreate                        0x08009dbf   Thumb Code    74  cmsis_os.o(i.osSemaphoreCreate)
    osSemaphoreDelete                        0x08009e09   Thumb Code    24  cmsis_os.o(i.osSemaphoreDelete)
    osSemaphoreRelease                       0x08009e21   Thumb Code    76  cmsis_os.o(i.osSemaphoreRelease)
    osSemaphoreWait                          0x08009e71   Thumb Code   100  cmsis_os.o(i.osSemaphoreWait)
    osThreadCreate                           0x08009ed9   Thumb Code    94  cmsis_os.o(i.osThreadCreate)
    pcComConfig                              0x08009f37   Thumb Code    50  task04.o(i.pcComConfig)
    putASCIItoRTU                            0x0800a577   Thumb Code   134  modbus.o(i.putASCIItoRTU)
    putCfgData                               0x0800a5fd   Thumb Code    18  task05.o(i.putCfgData)
    putCfgDataScreen                         0x0800a615   Thumb Code   300  task05.o(i.putCfgDataScreen)
    putChToASCII                             0x0800a751   Thumb Code    22  modbus.o(i.putChToASCII)
    putDataDiv                               0x0800a76d   Thumb Code    44  task05.o(i.putDataDiv)
    putDouble                                0x0800a7a1   Thumb Code    40  modbus.o(i.putDouble)
    putFloat                                 0x0800a7c9   Thumb Code    24  modbus.o(i.putFloat)
    putInt16                                 0x0800a7e1   Thumb Code    10  modbus.o(i.putInt16)
    putInt32                                 0x0800a7eb   Thumb Code    24  modbus.o(i.putInt32)
    putMsuDataToScreen                       0x0800a805   Thumb Code   268  task05.o(i.putMsuDataToScreen)
    putRTUtoASCII                            0x0800a91d   Thumb Code    98  modbus.o(i.putRTUtoASCII)
    putSensorState                           0x0800a981   Thumb Code   114  task05.o(i.putSensorState)
    put_fat                                  0x0800a9f9   Thumb Code   326  ff.o(i.put_fat)
    pvPortMalloc                             0x0800ab8d   Thumb Code   296  heap_4.o(i.pvPortMalloc)
    pvTaskIncrementMutexHeldCount            0x0800acc9   Thumb Code    26  tasks.o(i.pvTaskIncrementMutexHeldCount)
    pxPortInitialiseStack                    0x0800ace9   Thumb Code    30  port.o(i.pxPortInitialiseStack)
    readCfgData                              0x0800ad0d   Thumb Code   126  task03.o(i.readCfgData)
    readFMtoCfg                              0x0800ad95   Thumb Code   100  task02.o(i.readFMtoCfg)
    readMsuData                              0x0800ae01   Thumb Code   168  task03.o(i.readMsuData)
    readTxRTU                                0x0800aeb1   Thumb Code   142  modbusslave.o(i.readTxRTU)
    recDelay                                 0x0800af49   Thumb Code    36  task01.o(i.recDelay)
    relayCtrl                                0x0800af6d   Thumb Code    98  task06.o(i.relayCtrl)
    relayTFmaster                            0x0800afd5   Thumb Code    50  task06.o(i.relayTFmaster)
    sensorConfigDataRead                     0x0800b091   Thumb Code    66  doppler.o(i.sensorConfigDataRead)
    sensorConfigDataWrite                    0x0800b0d9   Thumb Code   242  doppler.o(i.sensorConfigDataWrite)
    sensorMeasureDataRead                    0x0800b1cd   Thumb Code    70  doppler.o(i.sensorMeasureDataRead)
    timeRunning                              0x0800b39d   Thumb Code    62  task02.o(i.timeRunning)
    uxListRemove                             0x0800b403   Thumb Code    40  list.o(i.uxListRemove)
    vApplicationGetIdleTaskMemory            0x0800b42d   Thumb Code    14  freertos.o(i.vApplicationGetIdleTaskMemory)
    vListInitialise                          0x0800b445   Thumb Code    26  list.o(i.vListInitialise)
    vListInitialiseItem                      0x0800b45f   Thumb Code     6  list.o(i.vListInitialiseItem)
    vListInsert                              0x0800b465   Thumb Code    52  list.o(i.vListInsert)
    vListInsertEnd                           0x0800b499   Thumb Code    24  list.o(i.vListInsertEnd)
    vPortEnterCritical                       0x0800b4b1   Thumb Code    76  port.o(i.vPortEnterCritical)
    vPortExitCritical                        0x0800b505   Thumb Code    56  port.o(i.vPortExitCritical)
    vPortFree                                0x0800b541   Thumb Code   140  heap_4.o(i.vPortFree)
    vPortSetupTimerInterrupt                 0x0800b5d5   Thumb Code    36  port.o(i.vPortSetupTimerInterrupt)
    vPortValidateInterruptPriority           0x0800b5fd   Thumb Code   106  port.o(i.vPortValidateInterruptPriority)
    vQueueDelete                             0x0800b675   Thumb Code    50  queue.o(i.vQueueDelete)
    vQueueUnregisterQueue                    0x0800b6a9   Thumb Code    44  queue.o(i.vQueueUnregisterQueue)
    vTaskDelay                               0x0800b6d9   Thumb Code    82  tasks.o(i.vTaskDelay)
    vTaskInternalSetTimeOutState             0x0800b735   Thumb Code    14  tasks.o(i.vTaskInternalSetTimeOutState)
    vTaskMissedYield                         0x0800b74d   Thumb Code     8  tasks.o(i.vTaskMissedYield)
    vTaskPlaceOnEventList                    0x0800b759   Thumb Code    52  tasks.o(i.vTaskPlaceOnEventList)
    vTaskPriorityDisinheritAfterTimeout      0x0800b791   Thumb Code   230  tasks.o(i.vTaskPriorityDisinheritAfterTimeout)
    vTaskStartScheduler                      0x0800b885   Thumb Code   146  tasks.o(i.vTaskStartScheduler)
    vTaskSuspendAll                          0x0800b935   Thumb Code    12  tasks.o(i.vTaskSuspendAll)
    vTaskSwitchContext                       0x0800b945   Thumb Code   118  tasks.o(i.vTaskSwitchContext)
    waitCfgInitState                         0x0800ba21   Thumb Code    12  task02.o(i.waitCfgInitState)
    writeCfgToFM                             0x0800ba31   Thumb Code    74  task02.o(i.writeCfgToFM)
    writeCfgToSensor                         0x0800ba81   Thumb Code    82  task03.o(i.writeCfgToSensor)
    writeTxRTU                               0x0800bad9   Thumb Code    92  modbusslave.o(i.writeTxRTU)
    xPortStartScheduler                      0x0800bb3d   Thumb Code   228  port.o(i.xPortStartScheduler)
    xQueueGenericCreate                      0x0800bc35   Thumb Code    94  queue.o(i.xQueueGenericCreate)
    xQueueGenericCreateStatic                0x0800bc93   Thumb Code   222  queue.o(i.xQueueGenericCreateStatic)
    xQueueGenericReset                       0x0800bd71   Thumb Code   146  queue.o(i.xQueueGenericReset)
    xQueueGenericSend                        0x0800be09   Thumb Code   420  queue.o(i.xQueueGenericSend)
    xQueueGiveFromISR                        0x0800bfb1   Thumb Code   224  queue.o(i.xQueueGiveFromISR)
    xQueueReceiveFromISR                     0x0800c091   Thumb Code   202  queue.o(i.xQueueReceiveFromISR)
    xQueueSemaphoreTake                      0x0800c15d   Thumb Code   434  queue.o(i.xQueueSemaphoreTake)
    xTaskCheckForTimeOut                     0x0800c315   Thumb Code   132  tasks.o(i.xTaskCheckForTimeOut)
    xTaskCreate                              0x0800c3a1   Thumb Code   100  tasks.o(i.xTaskCreate)
    xTaskCreateStatic                        0x0800c405   Thumb Code   184  tasks.o(i.xTaskCreateStatic)
    xTaskGetSchedulerState                   0x0800c4bd   Thumb Code    24  tasks.o(i.xTaskGetSchedulerState)
    xTaskIncrementTick                       0x0800c4dd   Thumb Code   282  tasks.o(i.xTaskIncrementTick)
    xTaskPriorityDisinherit                  0x0800c625   Thumb Code   188  tasks.o(i.xTaskPriorityDisinherit)
    xTaskPriorityInherit                     0x0800c6ed   Thumb Code   186  tasks.o(i.xTaskPriorityInherit)
    xTaskRemoveFromEventList                 0x0800c7b5   Thumb Code   128  tasks.o(i.xTaskRemoveFromEventList)
    xTaskResumeAll                           0x0800c84d   Thumb Code   224  tasks.o(i.xTaskResumeAll)
    BPST                                     0x0800ca14   Data          20  task05.o(.constdata)
    auchCRCHi                                0x0800ca28   Data         256  softcrc.o(.constdata)
    auchCRCLo                                0x0800cb28   Data         256  softcrc.o(.constdata)
    CHAS                                     0x0800cc28   Data          16  modbus.o(.constdata)
    AHBPrescTable                            0x0800cc38   Data          16  system_stm32f1xx.o(.constdata)
    APBPrescTable                            0x0800cc48   Data           8  system_stm32f1xx.o(.constdata)
    Region$$Table$$Base                      0x0803798c   Number         0  anon$$obj.o(Region$$Table)
    Region$$Table$$Limit                     0x080379ac   Number         0  anon$$obj.o(Region$$Table)
    Task01Handle                             0x20000000   Data           4  freertos.o(.data)
    Task02Handle                             0x20000004   Data           4  freertos.o(.data)
    Task03Handle                             0x20000008   Data           4  freertos.o(.data)
    Task04Handle                             0x2000000c   Data           4  freertos.o(.data)
    Task05Handle                             0x20000010   Data           4  freertos.o(.data)
    Task06Handle                             0x20000014   Data           4  freertos.o(.data)
    Task07Handle                             0x20000018   Data           4  freertos.o(.data)
    hcrc                                     0x2000001c   Data           8  crc.o(.data)
    USER_Driver                              0x20000028   Data          20  user_diskio.o(.data)
    retUSER                                  0x2000003c   Data           1  fatfs.o(.data)
    USERPath                                 0x2000003d   Data           4  fatfs.o(.data)
    SDPath                                   0x20000044   Data           4  task01.o(.data)
    f_res                                    0x20000048   Data           1  task01.o(.data)
    fnum                                     0x2000004c   Data           4  task01.o(.data)
    SDMountState                             0x20000050   Data           1  task01.o(.data)
    memsize                                  0x20000054   Data           4  task01.o(.data)
    Time                                     0x20000058   Data           8  task02.o(.data)
    CfgRdInit                                0x20000060   Data           1  task02.o(.data)
    UARTCOM                                  0x2000006c   Data          20  usercom.o(.data)
    SD_Type                                  0x20000081   Data           1  sdcard.o(.data)
    uwTick                                   0x20000084   Data           4  stm32f1xx_hal.o(.data)
    uwTickPrio                               0x20000088   Data           4  stm32f1xx_hal.o(.data)
    uwTickFreq                               0x2000008c   Data           1  stm32f1xx_hal.o(.data)
    SystemCoreClock                          0x20000090   Data           4  system_stm32f1xx.o(.data)
    pxCurrentTCB                             0x2000009c   Data           4  tasks.o(.data)
    hadc1                                    0x20000350   Data          48  adc.o(.bss)
    hspi1                                    0x20000380   Data          88  spi.o(.bss)
    htim3                                    0x200003d8   Data          72  tim.o(.bss)
    htim6                                    0x20000420   Data          72  tim.o(.bss)
    huart4                                   0x20000468   Data          64  usart.o(.bss)
    huart5                                   0x200004a8   Data          64  usart.o(.bss)
    huart1                                   0x200004e8   Data          64  usart.o(.bss)
    huart2                                   0x20000528   Data          64  usart.o(.bss)
    huart3                                   0x20000568   Data          64  usart.o(.bss)
    htim7                                    0x200005a8   Data          72  stm32f1xx_hal_timebase_tim.o(.bss)
    fs                                       0x200005f0   Data         564  task01.o(.bss)
    file                                     0x20000824   Data         556  task01.o(.bss)
    ReadBuffer                               0x20000a50   Data        1024  task01.o(.bss)
    WriteBuffer                              0x20000e50   Data        1024  task01.o(.bss)
    Cfg                                      0x20001250   Data          80  task02.o(.bss)
    FMemBuf                                  0x200012a0   Data         128  task02.o(.bss)
    Sensor                                   0x20001320   Data          80  task03.o(.bss)
    Sdata                                    0x20001370   Data          40  task03.o(.bss)
    CfgTemp                                  0x20001398   Data          80  task03.o(.bss)
    ComTx                                    0x200013e8   Data        1290  usercom.o(.bss)
    ComRx                                    0x200018f2   Data        1290  usercom.o(.bss)
    tfbuf                                    0x20001dfc   Data         256  modbusslave.o(.bss)
    disk                                     0x20001f14   Data          12  ff_gen_drv.o(.bss)
    xQueueRegistry                           0x20001f20   Data          64  queue.o(.bss)
    __initial_sp                             0x20005050   Data           0  startup_stm32f103xe.o(STACK)



==============================================================================

Memory Map of the image

  Image Entry point : 0x08000131

  Load Region LR_IROM1 (Base: 0x08000000, Size: 0x00037aa8, Max: 0x00040000, ABSOLUTE)

    Execution Region ER_IROM1 (Exec base: 0x08000000, Load base: 0x08000000, Size: 0x000379ac, Max: 0x00040000, ABSOLUTE)

    Exec Addr    Load Addr    Size         Type   Attr      Idx    E Section Name        Object

    0x08000000   0x08000000   0x00000130   Data   RO            3    RESET               startup_stm32f103xe.o
    0x08000130   0x08000130   0x00000000   Code   RO         6913  * .ARM.Collect$$$$00000000  mc_w.l(entry.o)
    0x08000130   0x08000130   0x00000004   Code   RO         7215    .ARM.Collect$$$$00000001  mc_w.l(entry2.o)
    0x08000134   0x08000134   0x00000004   Code   RO         7218    .ARM.Collect$$$$00000004  mc_w.l(entry5.o)
    0x08000138   0x08000138   0x00000000   Code   RO         7220    .ARM.Collect$$$$00000008  mc_w.l(entry7b.o)
    0x08000138   0x08000138   0x00000000   Code   RO         7222    .ARM.Collect$$$$0000000A  mc_w.l(entry8b.o)
    0x08000138   0x08000138   0x00000008   Code   RO         7223    .ARM.Collect$$$$0000000B  mc_w.l(entry9a.o)
    0x08000140   0x08000140   0x00000004   Code   RO         7230    .ARM.Collect$$$$0000000E  mc_w.l(entry12b.o)
    0x08000144   0x08000144   0x00000000   Code   RO         7225    .ARM.Collect$$$$0000000F  mc_w.l(entry10a.o)
    0x08000144   0x08000144   0x00000000   Code   RO         7227    .ARM.Collect$$$$00000011  mc_w.l(entry11a.o)
    0x08000144   0x08000144   0x00000004   Code   RO         7216    .ARM.Collect$$$$00002712  mc_w.l(entry2.o)
    0x08000148   0x08000148   0x00000096   Code   RO         6836    .emb_text           port.o
    0x080001de   0x080001de   0x00000002   PAD
    0x080001e0   0x080001e0   0x00000024   Code   RO            4    .text               startup_stm32f103xe.o
    0x08000204   0x08000204   0x00000020   Code   RO         6916    .text               mc_w.l(llushr.o)
    0x08000224   0x08000224   0x00000024   Code   RO         6918    .text               mc_w.l(memcpya.o)
    0x08000248   0x08000248   0x00000024   Code   RO         6922    .text               mc_w.l(memseta.o)
    0x0800026c   0x0800026c   0x000000b0   Code   RO         7187    .text               mf_w.l(fadd.o)
    0x0800031c   0x0800031c   0x00000064   Code   RO         7189    .text               mf_w.l(fmul.o)
    0x08000380   0x08000380   0x0000007c   Code   RO         7191    .text               mf_w.l(fdiv.o)
    0x080003fc   0x080003fc   0x0000014e   Code   RO         7193    .text               mf_w.l(dadd.o)
    0x0800054a   0x0800054a   0x000000e4   Code   RO         7195    .text               mf_w.l(dmul.o)
    0x0800062e   0x0800062e   0x000000de   Code   RO         7197    .text               mf_w.l(ddiv.o)
    0x0800070c   0x0800070c   0x00000012   Code   RO         7199    .text               mf_w.l(fflti.o)
    0x0800071e   0x0800071e   0x0000000a   Code   RO         7201    .text               mf_w.l(ffltui.o)
    0x08000728   0x08000728   0x00000032   Code   RO         7203    .text               mf_w.l(ffixi.o)
    0x0800075a   0x0800075a   0x00000028   Code   RO         7205    .text               mf_w.l(ffixui.o)
    0x08000782   0x08000782   0x0000003e   Code   RO         7207    .text               mf_w.l(dfixi.o)
    0x080007c0   0x080007c0   0x00000026   Code   RO         7209    .text               mf_w.l(f2d.o)
    0x080007e6   0x080007e6   0x00000002   PAD
    0x080007e8   0x080007e8   0x00000014   Code   RO         7211    .text               mf_w.l(cfcmple.o)
    0x080007fc   0x080007fc   0x00000014   Code   RO         7213    .text               mf_w.l(cfrcmple.o)
    0x08000810   0x08000810   0x0000002c   Code   RO         7234    .text               mc_w.l(uidiv.o)
    0x0800083c   0x0800083c   0x00000062   Code   RO         7236    .text               mc_w.l(uldiv.o)
    0x0800089e   0x0800089e   0x0000001e   Code   RO         7238    .text               mc_w.l(llshl.o)
    0x080008bc   0x080008bc   0x00000024   Code   RO         7240    .text               mc_w.l(llsshr.o)
    0x080008e0   0x080008e0   0x00000000   Code   RO         7242    .text               mc_w.l(iusefp.o)
    0x080008e0   0x080008e0   0x0000006e   Code   RO         7243    .text               mf_w.l(fepilogue.o)
    0x0800094e   0x0800094e   0x000000ba   Code   RO         7245    .text               mf_w.l(depilogue.o)
    0x08000a08   0x08000a08   0x00000030   Code   RO         7247    .text               mf_w.l(dfixul.o)
    0x08000a38   0x08000a38   0x00000030   Code   RO         7249    .text               mf_w.l(cdrcmple.o)
    0x08000a68   0x08000a68   0x00000024   Code   RO         7251    .text               mc_w.l(init.o)
    0x08000a8c   0x08000a8c   0x00000052   Code   RO         2053    i.ADC_ConversionStop_Disable  stm32f1xx_hal_adc.o
    0x08000ade   0x08000ade   0x0000006a   Code   RO         1723    i.ATC               modbus.o
    0x08000b48   0x08000b48   0x0000009c   Code   RO         1445    i.Ack_I2c           pcf8563.o
    0x08000be4   0x08000be4   0x00000004   Code   RO          623    i.BusFault_Handler  stm32f1xx_it.o
    0x08000be8   0x08000be8   0x0000003c   Code   RO         1511    i.CalCRC16          softcrc.o
    0x08000c24   0x08000c24   0x00000002   Code   RO          624    i.DebugMon_Handler  stm32f1xx_it.o
    0x08000c26   0x08000c26   0x00000002   PAD
    0x08000c28   0x08000c28   0x00000048   Code   RO         1914    i.Disp_SendArr      dwin.o
    0x08000c70   0x08000c70   0x00000110   Code   RO         1916    i.Disp_WrBlock      dwin.o
    0x08000d80   0x08000d80   0x0000003a   Code   RO         1917    i.Disp_WrFloat      dwin.o
    0x08000dba   0x08000dba   0x0000003a   Code   RO         1918    i.Disp_WrInt16      dwin.o
    0x08000df4   0x08000df4   0x0000003a   Code   RO         1919    i.Disp_WrInt32      dwin.o
    0x08000e2e   0x08000e2e   0x00000002   PAD
    0x08000e30   0x08000e30   0x00000094   Code   RO         1920    i.Disp_WrRtc        dwin.o
    0x08000ec4   0x08000ec4   0x00000002   Code   RO           13    i.Error_Handler     main.o
    0x08000ec6   0x08000ec6   0x00000012   Code   RO         5501    i.FATFS_LinkDriver  ff_gen_drv.o
    0x08000ed8   0x08000ed8   0x00000054   Code   RO         5502    i.FATFS_LinkDriverEx  ff_gen_drv.o
    0x08000f2c   0x08000f2c   0x00000044   Code   RO         1373    i.FM_Rec            fm25cl64.o
    0x08000f70   0x08000f70   0x00000050   Code   RO         1374    i.FM_Send           fm25cl64.o
    0x08000fc0   0x08000fc0   0x00000160   Code   RO         2059    i.HAL_ADC_ConfigChannel  stm32f1xx_hal_adc.o
    0x08001120   0x08001120   0x00000160   Code   RO         2068    i.HAL_ADC_Init      stm32f1xx_hal_adc.o
    0x08001280   0x08001280   0x00000070   Code   RO          378    i.HAL_ADC_MspInit   adc.o
    0x080012f0   0x080012f0   0x00000020   Code   RO         3339    i.HAL_CRC_Init      stm32f1xx_hal_crc.o
    0x08001310   0x08001310   0x00000030   Code   RO          420    i.HAL_CRC_MspInit   crc.o
    0x08001340   0x08001340   0x000001a8   Code   RO         2714    i.HAL_DMA_Abort_IT  stm32f1xx_hal_dma.o
    0x080014e8   0x080014e8   0x00000340   Code   RO         2649    i.HAL_GPIO_Init     stm32f1xx_hal_gpio.o
    0x08001828   0x08001828   0x00000010   Code   RO         2651    i.HAL_GPIO_ReadPin  stm32f1xx_hal_gpio.o
    0x08001838   0x08001838   0x0000000c   Code   RO         2653    i.HAL_GPIO_WritePin  stm32f1xx_hal_gpio.o
    0x08001844   0x08001844   0x0000000c   Code   RO         2340    i.HAL_GetTick       stm32f1xx_hal.o
    0x08001850   0x08001850   0x00000018   Code   RO         2346    i.HAL_IncTick       stm32f1xx_hal.o
    0x08001868   0x08001868   0x00000028   Code   RO         2347    i.HAL_Init          stm32f1xx_hal.o
    0x08001890   0x08001890   0x00000088   Code   RO          750    i.HAL_InitTick      stm32f1xx_hal_timebase_tim.o
    0x08001918   0x08001918   0x00000054   Code   RO          726    i.HAL_MspInit       stm32f1xx_hal_msp.o
    0x0800196c   0x0800196c   0x00000020   Code   RO         2809    i.HAL_NVIC_EnableIRQ  stm32f1xx_hal_cortex.o
    0x0800198c   0x0800198c   0x0000007c   Code   RO         2815    i.HAL_NVIC_SetPriority  stm32f1xx_hal_cortex.o
    0x08001a08   0x08001a08   0x00000028   Code   RO         2816    i.HAL_NVIC_SetPriorityGrouping  stm32f1xx_hal_cortex.o
    0x08001a30   0x08001a30   0x00000130   Code   RO         2612    i.HAL_RCCEx_PeriphCLKConfig  stm32f1xx_hal_rcc_ex.o
    0x08001b60   0x08001b60   0x0000018c   Code   RO         2504    i.HAL_RCC_ClockConfig  stm32f1xx_hal_rcc.o
    0x08001cec   0x08001cec   0x00000044   Code   RO         2508    i.HAL_RCC_GetClockConfig  stm32f1xx_hal_rcc.o
    0x08001d30   0x08001d30   0x0000000c   Code   RO         2509    i.HAL_RCC_GetHCLKFreq  stm32f1xx_hal_rcc.o
    0x08001d3c   0x08001d3c   0x00000020   Code   RO         2511    i.HAL_RCC_GetPCLK1Freq  stm32f1xx_hal_rcc.o
    0x08001d5c   0x08001d5c   0x00000020   Code   RO         2512    i.HAL_RCC_GetPCLK2Freq  stm32f1xx_hal_rcc.o
    0x08001d7c   0x08001d7c   0x00000094   Code   RO         2513    i.HAL_RCC_GetSysClockFreq  stm32f1xx_hal_rcc.o
    0x08001e10   0x08001e10   0x00000464   Code   RO         2516    i.HAL_RCC_OscConfig  stm32f1xx_hal_rcc.o
    0x08002274   0x08002274   0x000000be   Code   RO         3406    i.HAL_SPI_Init      stm32f1xx_hal_spi.o
    0x08002332   0x08002332   0x00000002   PAD
    0x08002334   0x08002334   0x00000084   Code   RO          462    i.HAL_SPI_MspInit   spi.o
    0x080023b8   0x080023b8   0x000001ae   Code   RO         3414    i.HAL_SPI_Transmit  stm32f1xx_hal_spi.o
    0x08002566   0x08002566   0x00000002   Code   RO         4434    i.HAL_TIMEx_BreakCallback  stm32f1xx_hal_tim_ex.o
    0x08002568   0x08002568   0x00000002   Code   RO         4435    i.HAL_TIMEx_CommutCallback  stm32f1xx_hal_tim_ex.o
    0x0800256a   0x0800256a   0x00000002   PAD
    0x0800256c   0x0800256c   0x0000009c   Code   RO         4453    i.HAL_TIMEx_MasterConfigSynchronization  stm32f1xx_hal_tim_ex.o
    0x08002608   0x08002608   0x00000066   Code   RO         3719    i.HAL_TIM_Base_Init  stm32f1xx_hal_tim.o
    0x0800266e   0x0800266e   0x00000002   PAD
    0x08002670   0x08002670   0x0000006c   Code   RO          504    i.HAL_TIM_Base_MspInit  tim.o
    0x080026dc   0x080026dc   0x00000090   Code   RO         3724    i.HAL_TIM_Base_Start_IT  stm32f1xx_hal_tim.o
    0x0800276c   0x0800276c   0x00000108   Code   RO         3728    i.HAL_TIM_ConfigClockSource  stm32f1xx_hal_tim.o
    0x08002874   0x08002874   0x00000002   Code   RO         3753    i.HAL_TIM_IC_CaptureCallback  stm32f1xx_hal_tim.o
    0x08002876   0x08002876   0x00000196   Code   RO         3767    i.HAL_TIM_IRQHandler  stm32f1xx_hal_tim.o
    0x08002a0c   0x08002a0c   0x00000058   Code   RO          505    i.HAL_TIM_MspPostInit  tim.o
    0x08002a64   0x08002a64   0x00000002   Code   RO         3770    i.HAL_TIM_OC_DelayElapsedCallback  stm32f1xx_hal_tim.o
    0x08002a66   0x08002a66   0x000000fc   Code   RO         3791    i.HAL_TIM_PWM_ConfigChannel  stm32f1xx_hal_tim.o
    0x08002b62   0x08002b62   0x00000066   Code   RO         3794    i.HAL_TIM_PWM_Init  stm32f1xx_hal_tim.o
    0x08002bc8   0x08002bc8   0x00000002   Code   RO         3796    i.HAL_TIM_PWM_MspInit  stm32f1xx_hal_tim.o
    0x08002bca   0x08002bca   0x00000002   Code   RO         3797    i.HAL_TIM_PWM_PulseFinishedCallback  stm32f1xx_hal_tim.o
    0x08002bcc   0x08002bcc   0x000000f4   Code   RO         3799    i.HAL_TIM_PWM_Start  stm32f1xx_hal_tim.o
    0x08002cc0   0x08002cc0   0x00000018   Code   RO           14    i.HAL_TIM_PeriodElapsedCallback  main.o
    0x08002cd8   0x08002cd8   0x00000002   Code   RO         3810    i.HAL_TIM_TriggerCallback  stm32f1xx_hal_tim.o
    0x08002cda   0x08002cda   0x00000002   Code   RO         4722    i.HAL_UART_ErrorCallback  stm32f1xx_hal_uart.o
    0x08002cdc   0x08002cdc   0x00000154   Code   RO         4725    i.HAL_UART_IRQHandler  stm32f1xx_hal_uart.o
    0x08002e30   0x08002e30   0x00000072   Code   RO         4726    i.HAL_UART_Init     stm32f1xx_hal_uart.o
    0x08002ea2   0x08002ea2   0x00000002   PAD
    0x08002ea4   0x08002ea4   0x000002a8   Code   RO          558    i.HAL_UART_MspInit  usart.o
    0x0800314c   0x0800314c   0x00000002   Code   RO         4732    i.HAL_UART_RxCpltCallback  stm32f1xx_hal_uart.o
    0x0800314e   0x0800314e   0x000000d2   Code   RO         4734    i.HAL_UART_Transmit  stm32f1xx_hal_uart.o
    0x08003220   0x08003220   0x00000002   Code   RO         4737    i.HAL_UART_TxCpltCallback  stm32f1xx_hal_uart.o
    0x08003222   0x08003222   0x00000004   Code   RO          625    i.HardFault_Handler  stm32f1xx_it.o
    0x08003226   0x08003226   0x00000002   PAD
    0x08003228   0x08003228   0x00000024   Code   RO          987    i.LEDstate          task02.o
    0x0800324c   0x0800324c   0x0000005c   Code   RO          379    i.MX_ADC1_Init      adc.o
    0x080032a8   0x080032a8   0x00000020   Code   RO          421    i.MX_CRC_Init       crc.o
    0x080032c8   0x080032c8   0x0000001c   Code   RO          862    i.MX_FATFS_Init     fatfs.o
    0x080032e4   0x080032e4   0x000000d0   Code   RO          267    i.MX_FREERTOS_Init  freertos.o
    0x080033b4   0x080033b4   0x00000154   Code   RO          243    i.MX_GPIO_Init      gpio.o
    0x08003508   0x08003508   0x00000048   Code   RO          463    i.MX_SPI1_Init      spi.o
    0x08003550   0x08003550   0x000000a4   Code   RO          506    i.MX_TIM3_Init      tim.o
    0x080035f4   0x080035f4   0x0000004c   Code   RO          507    i.MX_TIM6_Init      tim.o
    0x08003640   0x08003640   0x00000038   Code   RO          559    i.MX_UART4_Init     usart.o
    0x08003678   0x08003678   0x00000038   Code   RO          560    i.MX_UART5_Init     usart.o
    0x080036b0   0x080036b0   0x00000038   Code   RO          561    i.MX_USART1_UART_Init  usart.o
    0x080036e8   0x080036e8   0x00000038   Code   RO          562    i.MX_USART2_UART_Init  usart.o
    0x08003720   0x08003720   0x00000038   Code   RO          563    i.MX_USART3_UART_Init  usart.o
    0x08003758   0x08003758   0x00000048   Code   RO         1831    i.MbNregRead        modbusslave.o
    0x080037a0   0x080037a0   0x00000038   Code   RO         1832    i.MbNregWrite       modbusslave.o
    0x080037d8   0x080037d8   0x00000280   Code   RO         1833    i.MbRegReadRTU      modbusslave.o
    0x08003a58   0x08003a58   0x000001c0   Code   RO         1834    i.MbRegWriteRTU     modbusslave.o
    0x08003c18   0x08003c18   0x00000004   Code   RO          626    i.MemManage_Handler  stm32f1xx_it.o
    0x08003c1c   0x08003c1c   0x00000058   Code   RO         1132    i.ModBusComCheck    task04.o
    0x08003c74   0x08003c74   0x00000188   Code   RO         1835    i.ModBusRTUslave    modbusslave.o
    0x08003dfc   0x08003dfc   0x00000080   Code   RO         1836    i.ModbusSlave       modbusslave.o
    0x08003e7c   0x08003e7c   0x00000080   Code   RO         1837    i.ModbusTx          modbusslave.o
    0x08003efc   0x08003efc   0x00000002   Code   RO          627    i.NMI_Handler       stm32f1xx_it.o
    0x08003efe   0x08003efe   0x00000002   PAD
    0x08003f00   0x08003f00   0x00000028   Code   RO         2517    i.RCC_Delay         stm32f1xx_hal_rcc.o
    0x08003f28   0x08003f28   0x000000cc   Code   RO         1446    i.RcvByte           pcf8563.o
    0x08003ff4   0x08003ff4   0x00000050   Code   RO         1375    i.ReadFM            fm25cl64.o
    0x08004044   0x08004044   0x00000070   Code   RO         1447    i.ReadPCF8563       pcf8563.o
    0x080040b4   0x080040b4   0x000000f8   Code   RO         1448    i.ReadTime          pcf8563.o
    0x080041ac   0x080041ac   0x0000016c   Code   RO         1329    i.RecToBuf          usercom.o
    0x08004318   0x08004318   0x00000288   Code   RO         1178    i.RxDataAnalyze     task05.o
    0x080045a0   0x080045a0   0x00000024   Code   RO         1529    i.SD_GetCID         sdcard.o
    0x080045c4   0x080045c4   0x00000024   Code   RO         1530    i.SD_GetCSD         sdcard.o
    0x080045e8   0x080045e8   0x000001dc   Code   RO         1532    i.SD_Init           sdcard.o
    0x080047c4   0x080047c4   0x0000006c   Code   RO         1533    i.SD_ReadMultiBlock  sdcard.o
    0x08004830   0x08004830   0x00000034   Code   RO         1534    i.SD_ReadSingleBlock  sdcard.o
    0x08004864   0x08004864   0x00000080   Code   RO         1535    i.SD_ReceiveData    sdcard.o
    0x080048e4   0x080048e4   0x0000007c   Code   RO         1536    i.SD_SendCommand    sdcard.o
    0x08004960   0x08004960   0x0000006c   Code   RO         1537    i.SD_SendCommand_NoDeassert  sdcard.o
    0x080049cc   0x080049cc   0x00000022   Code   RO         1538    i.SD_WaitReady      sdcard.o
    0x080049ee   0x080049ee   0x00000002   PAD
    0x080049f0   0x080049f0   0x000000ec   Code   RO         1539    i.SD_WriteMultiBlock  sdcard.o
    0x08004adc   0x08004adc   0x000000c4   Code   RO         1540    i.SD_WriteSingleBlock  sdcard.o
    0x08004ba0   0x08004ba0   0x0000007c   Code   RO          902    i.SDmount           task01.o
    0x08004c1c   0x08004c1c   0x00000028   Code   RO         3444    i.SPI_EndRxTxTransaction  stm32f1xx_hal_spi.o
    0x08004c44   0x08004c44   0x0000003c   Code   RO         1542    i.SPI_FLASH_SendByte  sdcard.o
    0x08004c80   0x08004c80   0x00000008   Code   RO         1543    i.SPI_I2S_ReceiveData  sdcard.o
    0x08004c88   0x08004c88   0x00000054   Code   RO         1545    i.SPI_SetSpeed      sdcard.o
    0x08004cdc   0x08004cdc   0x000000d8   Code   RO         3449    i.SPI_WaitFlagStateUntilTimeout  stm32f1xx_hal_spi.o
    0x08004db4   0x08004db4   0x00000110   Code   RO         1449    i.SendByte          pcf8563.o
    0x08004ec4   0x08004ec4   0x0000000e   Code   RO          268    i.StartTask01       freertos.o
    0x08004ed2   0x08004ed2   0x0000000e   Code   RO          269    i.StartTask02       freertos.o
    0x08004ee0   0x08004ee0   0x0000000e   Code   RO          270    i.StartTask03       freertos.o
    0x08004eee   0x08004eee   0x0000000e   Code   RO          271    i.StartTask04       freertos.o
    0x08004efc   0x08004efc   0x0000000e   Code   RO          272    i.StartTask05       freertos.o
    0x08004f0a   0x08004f0a   0x0000000e   Code   RO          273    i.StartTask06       freertos.o
    0x08004f18   0x08004f18   0x0000000e   Code   RO          274    i.StartTask07       freertos.o
    0x08004f26   0x08004f26   0x00000002   PAD
    0x08004f28   0x08004f28   0x000000b4   Code   RO         1450    i.Start_I2c         pcf8563.o
    0x08004fdc   0x08004fdc   0x0000008c   Code   RO         1451    i.Stop_I2c          pcf8563.o
    0x08005068   0x08005068   0x00000034   Code   RO         6837    i.SysTick_Handler   port.o
    0x0800509c   0x0800509c   0x00000082   Code   RO           15    i.SystemClock_Config  main.o
    0x0800511e   0x0800511e   0x00000002   Code   RO         5033    i.SystemInit        system_stm32f1xx.o
    0x08005120   0x08005120   0x00000010   Code   RO          628    i.TIM6_IRQHandler   stm32f1xx_it.o
    0x08005130   0x08005130   0x00000010   Code   RO          629    i.TIM7_IRQHandler   stm32f1xx_it.o
    0x08005140   0x08005140   0x0000009c   Code   RO         3812    i.TIM_Base_SetConfig  stm32f1xx_hal_tim.o
    0x080051dc   0x080051dc   0x00000022   Code   RO         3813    i.TIM_CCxChannelCmd  stm32f1xx_hal_tim.o
    0x080051fe   0x080051fe   0x00000016   Code   RO         3823    i.TIM_ETR_SetConfig  stm32f1xx_hal_tim.o
    0x08005214   0x08005214   0x00000012   Code   RO         3824    i.TIM_ITRx_SetConfig  stm32f1xx_hal_tim.o
    0x08005226   0x08005226   0x00000002   PAD
    0x08005228   0x08005228   0x00000070   Code   RO         3825    i.TIM_OC1_SetConfig  stm32f1xx_hal_tim.o
    0x08005298   0x08005298   0x0000007c   Code   RO         3826    i.TIM_OC2_SetConfig  stm32f1xx_hal_tim.o
    0x08005314   0x08005314   0x00000078   Code   RO         3827    i.TIM_OC3_SetConfig  stm32f1xx_hal_tim.o
    0x0800538c   0x0800538c   0x00000054   Code   RO         3828    i.TIM_OC4_SetConfig  stm32f1xx_hal_tim.o
    0x080053e0   0x080053e0   0x00000026   Code   RO         3830    i.TIM_TI1_ConfigInputStage  stm32f1xx_hal_tim.o
    0x08005406   0x08005406   0x00000028   Code   RO         3832    i.TIM_TI2_ConfigInputStage  stm32f1xx_hal_tim.o
    0x0800542e   0x0800542e   0x00000002   PAD
    0x08005430   0x08005430   0x00000068   Code   RO         1330    i.TRenSet           usercom.o
    0x08005498   0x08005498   0x00000024   Code   RO          903    i.Task01Main        task01.o
    0x080054bc   0x080054bc   0x0000002c   Code   RO          988    i.Task02Main        task02.o
    0x080054e8   0x080054e8   0x00000094   Code   RO         1067    i.Task03Main        task03.o
    0x0800557c   0x0800557c   0x00000028   Code   RO         1133    i.Task04Main        task04.o
    0x080055a4   0x080055a4   0x00000016   Code   RO         1179    i.Task05Main        task05.o
    0x080055ba   0x080055ba   0x00000002   PAD
    0x080055bc   0x080055bc   0x00000024   Code   RO         1257    i.Task06Main        task06.o
    0x080055e0   0x080055e0   0x0000000a   Code   RO         1305    i.Task07Main        task07.o
    0x080055ea   0x080055ea   0x00000002   PAD
    0x080055ec   0x080055ec   0x000000ec   Code   RO         1331    i.TxData            usercom.o
    0x080056d8   0x080056d8   0x0000016c   Code   RO         1657    i.TxReadRegCmd      doppler.o
    0x08005844   0x08005844   0x00000428   Code   RO         1658    i.TxWriteRegCmd     doppler.o
    0x08005c6c   0x08005c6c   0x00000014   Code   RO          630    i.UART4_IRQHandler  stm32f1xx_it.o
    0x08005c80   0x08005c80   0x00000014   Code   RO          631    i.UART5_IRQHandler  stm32f1xx_it.o
    0x08005c94   0x08005c94   0x00000014   Code   RO         4739    i.UART_DMAAbortOnError  stm32f1xx_hal_uart.o
    0x08005ca8   0x08005ca8   0x00000020   Code   RO         4749    i.UART_EndRxTransfer  stm32f1xx_hal_uart.o
    0x08005cc8   0x08005cc8   0x00000020   Code   RO         4750    i.UART_EndTransmit_IT  stm32f1xx_hal_uart.o
    0x08005ce8   0x08005ce8   0x000000a0   Code   RO         4752    i.UART_Receive_IT   stm32f1xx_hal_uart.o
    0x08005d88   0x08005d88   0x000000fc   Code   RO         4753    i.UART_SetConfig    stm32f1xx_hal_uart.o
    0x08005e84   0x08005e84   0x00000060   Code   RO         4754    i.UART_Transmit_IT  stm32f1xx_hal_uart.o
    0x08005ee4   0x08005ee4   0x0000006c   Code   RO         4755    i.UART_WaitOnFlagUntilTimeout  stm32f1xx_hal_uart.o
    0x08005f50   0x08005f50   0x00000014   Code   RO          632    i.USART1_IRQHandler  stm32f1xx_it.o
    0x08005f64   0x08005f64   0x00000014   Code   RO          633    i.USART2_IRQHandler  stm32f1xx_it.o
    0x08005f78   0x08005f78   0x00000014   Code   RO          634    i.USART3_IRQHandler  stm32f1xx_it.o
    0x08005f8c   0x08005f8c   0x0000002c   Code   RO          789    i.USER_initialize   user_diskio.o
    0x08005fb8   0x08005fb8   0x0000009c   Code   RO          790    i.USER_ioctl        user_diskio.o
    0x08006054   0x08006054   0x0000003e   Code   RO          791    i.USER_read         user_diskio.o
    0x08006092   0x08006092   0x00000002   PAD
    0x08006094   0x08006094   0x00000018   Code   RO          792    i.USER_status       user_diskio.o
    0x080060ac   0x080060ac   0x0000003e   Code   RO          793    i.USER_write        user_diskio.o
    0x080060ea   0x080060ea   0x00000004   Code   RO          635    i.UsageFault_Handler  stm32f1xx_it.o
    0x080060ee   0x080060ee   0x00000002   PAD
    0x080060f0   0x080060f0   0x00000058   Code   RO         1377    i.WriteFM           fm25cl64.o
    0x08006148   0x08006148   0x00000058   Code   RO         1452    i.WritePCF8563      pcf8563.o
    0x080061a0   0x080061a0   0x000000e4   Code   RO         1453    i.WriteTime         pcf8563.o
    0x08006284   0x08006284   0x00000024   Code   RO         1379    i.Write_Disable     fm25cl64.o
    0x080062a8   0x080062a8   0x00000024   Code   RO         1380    i.Write_Enable      fm25cl64.o
    0x080062cc   0x080062cc   0x00000028   Code   RO         7161    i.__0sprintf        mc_w.l(printfa.o)
    0x080062f4   0x080062f4   0x00000010   Code   RO         2822    i.__NVIC_GetPriorityGrouping  stm32f1xx_hal_cortex.o
    0x08006304   0x08006304   0x00000028   Code   RO         2823    i.__NVIC_SetPriority  stm32f1xx_hal_cortex.o
    0x0800632c   0x0800632c   0x0000000e   Code   RO         7257    i.__scatterload_copy  mc_w.l(handlers.o)
    0x0800633a   0x0800633a   0x00000002   Code   RO         7258    i.__scatterload_null  mc_w.l(handlers.o)
    0x0800633c   0x0800633c   0x0000000e   Code   RO         7259    i.__scatterload_zeroinit  mc_w.l(handlers.o)
    0x0800634a   0x0800634a   0x00000002   PAD
    0x0800634c   0x0800634c   0x00000184   Code   RO         7166    i._fp_digits        mc_w.l(printfa.o)
    0x080064d0   0x080064d0   0x000006b4   Code   RO         7167    i._printf_core      mc_w.l(printfa.o)
    0x08006b84   0x08006b84   0x00000024   Code   RO         7168    i._printf_post_padding  mc_w.l(printfa.o)
    0x08006ba8   0x08006ba8   0x0000002e   Code   RO         7169    i._printf_pre_padding  mc_w.l(printfa.o)
    0x08006bd6   0x08006bd6   0x0000000a   Code   RO         7171    i._sputc            mc_w.l(printfa.o)
    0x08006be0   0x08006be0   0x00000044   Code   RO         1134    i.baudRate          task04.o
    0x08006c24   0x08006c24   0x0000005c   Code   RO         1180    i.bpsTF             task05.o
    0x08006c80   0x08006c80   0x0000006c   Code   RO         1659    i.bufToCfgStruct    doppler.o
    0x08006cec   0x08006cec   0x00000056   Code   RO         1660    i.bufToMsuStruct    doppler.o
    0x08006d42   0x08006d42   0x000000e2   Code   RO         1068    i.cfgDataSync       task03.o
    0x08006e24   0x08006e24   0x00000098   Code   RO         5124    i.check_fs          ff.o
    0x08006ebc   0x08006ebc   0x00000014   Code   RO         5125    i.chk_chr           ff.o
    0x08006ed0   0x08006ed0   0x00000090   Code   RO         5126    i.chk_lock          ff.o
    0x08006f60   0x08006f60   0x00000030   Code   RO         5127    i.clear_lock        ff.o
    0x08006f90   0x08006f90   0x00000038   Code   RO         5128    i.clmt_clust        ff.o
    0x08006fc8   0x08006fc8   0x00000020   Code   RO         5129    i.clust2sect        ff.o
    0x08006fe8   0x08006fe8   0x00000090   Code   RO         5130    i.cmp_lfn           ff.o
    0x08007078   0x08007078   0x00000070   Code   RO          904    i.createCsvFile     task01.o
    0x080070e8   0x080070e8   0x000000ea   Code   RO         5131    i.create_chain      ff.o
    0x080071d2   0x080071d2   0x00000002   PAD
    0x080071d4   0x080071d4   0x00000270   Code   RO         5132    i.create_name       ff.o
    0x08007444   0x08007444   0x0000010c   Code   RO         1258    i.currentCtrl       task06.o
    0x08007550   0x08007550   0x00000040   Code   RO         1259    i.currentTFmaster   task06.o
    0x08007590   0x08007590   0x00000110   Code   RO          905    i.dataRecording     task01.o
    0x080076a0   0x080076a0   0x0000004c   Code   RO         5133    i.dec_lock          ff.o
    0x080076ec   0x080076ec   0x00000064   Code   RO         5134    i.dir_alloc         ff.o
    0x08007750   0x08007750   0x00000102   Code   RO         5135    i.dir_find          ff.o
    0x08007852   0x08007852   0x0000015a   Code   RO         5136    i.dir_next          ff.o
    0x080079ac   0x080079ac   0x0000014a   Code   RO         5138    i.dir_register      ff.o
    0x08007af6   0x08007af6   0x000000c8   Code   RO         5140    i.dir_sdi           ff.o
    0x08007bbe   0x08007bbe   0x00000002   PAD
    0x08007bc0   0x08007bc0   0x00000038   Code   RO          906    i.diskMountMaster   task01.o
    0x08007bf8   0x08007bf8   0x0000001c   Code   RO          907    i.diskRemoveCheck   task01.o
    0x08007c14   0x08007c14   0x0000002c   Code   RO         5069    i.disk_initialize   diskio.o
    0x08007c40   0x08007c40   0x00000028   Code   RO         5070    i.disk_ioctl        diskio.o
    0x08007c68   0x08007c68   0x00000030   Code   RO         5071    i.disk_read         diskio.o
    0x08007c98   0x08007c98   0x0000001c   Code   RO         5072    i.disk_status       diskio.o
    0x08007cb4   0x08007cb4   0x00000030   Code   RO         5073    i.disk_write        diskio.o
    0x08007ce4   0x08007ce4   0x0000001c   Code   RO         1923    i.dwinChToInt32     dwin.o
    0x08007d00   0x08007d00   0x00000018   Code   RO         1924    i.dwinFloatToCh     dwin.o
    0x08007d18   0x08007d18   0x00000018   Code   RO         1925    i.dwinInt32ToCh     dwin.o
    0x08007d30   0x08007d30   0x00000028   Code   RO         5141    i.enq_lock          ff.o
    0x08007d58   0x08007d58   0x0000003c   Code   RO         5143    i.f_close           ff.o
    0x08007d94   0x08007d94   0x000003f6   Code   RO         5147    i.f_lseek           ff.o
    0x0800818a   0x0800818a   0x00000002   PAD
    0x0800818c   0x0800818c   0x00000644   Code   RO         5149    i.f_mkfs            ff.o
    0x080087d0   0x080087d0   0x0000008c   Code   RO         5150    i.f_mount           ff.o
    0x0800885c   0x0800885c   0x000001ee   Code   RO         5151    i.f_open            ff.o
    0x08008a4a   0x08008a4a   0x00000274   Code   RO         5153    i.f_printf          ff.o
    0x08008cbe   0x08008cbe   0x000000de   Code   RO         5160    i.f_sync            ff.o
    0x08008d9c   0x08008d9c   0x000002c6   Code   RO         5164    i.f_write           ff.o
    0x08009062   0x08009062   0x00000002   PAD
    0x08009064   0x08009064   0x0000007c   Code   RO         5614    i.ff_convert        cc936.o
    0x080090e0   0x080090e0   0x00000026   Code   RO         5551    i.ff_cre_syncobj    syscall.o
    0x08009106   0x08009106   0x0000000e   Code   RO         5552    i.ff_del_syncobj    syscall.o
    0x08009114   0x08009114   0x0000000c   Code   RO         5553    i.ff_rel_grant      syscall.o
    0x08009120   0x08009120   0x00000018   Code   RO         5554    i.ff_req_grant      syscall.o
    0x08009138   0x08009138   0x00000038   Code   RO         5615    i.ff_wtoupper       cc936.o
    0x08009170   0x08009170   0x000003e8   Code   RO         5165    i.find_volume       ff.o
    0x08009558   0x08009558   0x00000080   Code   RO         5166    i.fit_lfn           ff.o
    0x080095d8   0x080095d8   0x0000009c   Code   RO         5167    i.follow_path       ff.o
    0x08009674   0x08009674   0x000000cc   Code   RO         5168    i.gen_numname       ff.o
    0x08009740   0x08009740   0x0000001e   Code   RO         1724    i.getASCIItoCh      modbus.o
    0x0800975e   0x0800975e   0x00000002   PAD
    0x08009760   0x08009760   0x000000a0   Code   RO         1181    i.getBackCheck      task05.o
    0x08009800   0x08009800   0x0000002e   Code   RO         1725    i.getDouble         modbus.o
    0x0800982e   0x0800982e   0x0000001c   Code   RO         1726    i.getFloat          modbus.o
    0x0800984a   0x0800984a   0x00000010   Code   RO         1727    i.getInt16          modbus.o
    0x0800985a   0x0800985a   0x0000001c   Code   RO         1728    i.getInt32          modbus.o
    0x08009876   0x08009876   0x00000032   Code   RO         1729    i.getLRC            modbus.o
    0x080098a8   0x080098a8   0x0000008c   Code   RO         1661    i.getRecState       doppler.o
    0x08009934   0x08009934   0x000000ee   Code   RO         5169    i.get_fat           ff.o
    0x08009a22   0x08009a22   0x00000004   Code   RO          863    i.get_fattime       fatfs.o
    0x08009a26   0x08009a26   0x00000048   Code   RO         5171    i.get_ldnumber      ff.o
    0x08009a6e   0x08009a6e   0x00000010   Code   RO         6406    i.inHandlerMode     cmsis_os.o
    0x08009a7e   0x08009a7e   0x00000002   PAD
    0x08009a80   0x08009a80   0x000000e8   Code   RO         5172    i.inc_lock          ff.o
    0x08009b68   0x08009b68   0x00000022   Code   RO         5173    i.ld_clust          ff.o
    0x08009b8a   0x08009b8a   0x00000002   PAD
    0x08009b8c   0x08009b8c   0x00000050   Code   RO          989    i.loadDefaultCfg    task02.o
    0x08009bdc   0x08009bdc   0x0000000e   Code   RO         5174    i.lock_fs           ff.o
    0x08009bea   0x08009bea   0x00000044   Code   RO           16    i.main              main.o
    0x08009c2e   0x08009c2e   0x0000000e   Code   RO         6408    i.makeFreeRtosPriority  cmsis_os.o
    0x08009c3c   0x08009c3c   0x00000026   Code   RO         5175    i.mem_cmp           ff.o
    0x08009c62   0x08009c62   0x0000001a   Code   RO         5176    i.mem_cpy           ff.o
    0x08009c7c   0x08009c7c   0x00000014   Code   RO         5177    i.mem_set           ff.o
    0x08009c90   0x08009c90   0x00000038   Code   RO         5178    i.move_window       ff.o
    0x08009cc8   0x08009cc8   0x000000d4   Code   RO         1069    i.msuDataAverage    task03.o
    0x08009d9c   0x08009d9c   0x00000018   Code   RO         6410    i.osDelay           cmsis_os.o
    0x08009db4   0x08009db4   0x0000000a   Code   RO         6413    i.osKernelStart     cmsis_os.o
    0x08009dbe   0x08009dbe   0x0000004a   Code   RO         6439    i.osSemaphoreCreate  cmsis_os.o
    0x08009e08   0x08009e08   0x00000018   Code   RO         6440    i.osSemaphoreDelete  cmsis_os.o
    0x08009e20   0x08009e20   0x00000050   Code   RO         6442    i.osSemaphoreRelease  cmsis_os.o
    0x08009e70   0x08009e70   0x00000068   Code   RO         6443    i.osSemaphoreWait   cmsis_os.o
    0x08009ed8   0x08009ed8   0x0000005e   Code   RO         6447    i.osThreadCreate    cmsis_os.o
    0x08009f36   0x08009f36   0x00000032   Code   RO         1135    i.pcComConfig       task04.o
    0x08009f68   0x08009f68   0x00000098   Code   RO         6094    i.prvAddCurrentTaskToDelayedList  tasks.o
    0x0800a000   0x0800a000   0x000000b4   Code   RO         6095    i.prvAddNewTaskToReadyList  tasks.o
    0x0800a0b4   0x0800a0b4   0x00000048   Code   RO         6096    i.prvCheckTasksWaitingTermination  tasks.o
    0x0800a0fc   0x0800a0fc   0x0000002a   Code   RO         5778    i.prvCopyDataFromQueue  queue.o
    0x0800a126   0x0800a126   0x0000007c   Code   RO         5779    i.prvCopyDataToQueue  queue.o
    0x0800a1a2   0x0800a1a2   0x00000050   Code   RO         6097    i.prvDeleteTCB      tasks.o
    0x0800a1f2   0x0800a1f2   0x00000014   Code   RO         5780    i.prvGetDisinheritPriorityAfterTimeout  queue.o
    0x0800a206   0x0800a206   0x00000002   PAD
    0x0800a208   0x0800a208   0x0000007c   Code   RO         6775    i.prvHeapInit       heap_4.o
    0x0800a284   0x0800a284   0x00000028   Code   RO         6098    i.prvIdleTask       tasks.o
    0x0800a2ac   0x0800a2ac   0x00000026   Code   RO         5782    i.prvInitialiseNewQueue  queue.o
    0x0800a2d2   0x0800a2d2   0x000000aa   Code   RO         6099    i.prvInitialiseNewTask  tasks.o
    0x0800a37c   0x0800a37c   0x00000068   Code   RO         6100    i.prvInitialiseTaskLists  tasks.o
    0x0800a3e4   0x0800a3e4   0x00000068   Code   RO         6776    i.prvInsertBlockIntoFreeList  heap_4.o
    0x0800a44c   0x0800a44c   0x0000001a   Code   RO         5783    i.prvIsQueueEmpty   queue.o
    0x0800a466   0x0800a466   0x0000001e   Code   RO         5784    i.prvIsQueueFull    queue.o
    0x0800a484   0x0800a484   0x00000034   Code   RO         6101    i.prvResetNextTaskUnblockTime  tasks.o
    0x0800a4b8   0x0800a4b8   0x00000040   Code   RO         6838    i.prvTaskExitError  port.o
    0x0800a4f8   0x0800a4f8   0x0000007e   Code   RO         5785    i.prvUnlockQueue    queue.o
    0x0800a576   0x0800a576   0x00000086   Code   RO         1730    i.putASCIItoRTU     modbus.o
    0x0800a5fc   0x0800a5fc   0x00000018   Code   RO         1182    i.putCfgData        task05.o
    0x0800a614   0x0800a614   0x0000013c   Code   RO         1183    i.putCfgDataScreen  task05.o
    0x0800a750   0x0800a750   0x0000001c   Code   RO         1731    i.putChToASCII      modbus.o
    0x0800a76c   0x0800a76c   0x00000034   Code   RO         1184    i.putDataDiv        task05.o
    0x0800a7a0   0x0800a7a0   0x00000028   Code   RO         1732    i.putDouble         modbus.o
    0x0800a7c8   0x0800a7c8   0x00000018   Code   RO         1733    i.putFloat          modbus.o
    0x0800a7e0   0x0800a7e0   0x0000000a   Code   RO         1734    i.putInt16          modbus.o
    0x0800a7ea   0x0800a7ea   0x00000018   Code   RO         1735    i.putInt32          modbus.o
    0x0800a802   0x0800a802   0x00000002   PAD
    0x0800a804   0x0800a804   0x00000118   Code   RO         1185    i.putMsuDataToScreen  task05.o
    0x0800a91c   0x0800a91c   0x00000062   Code   RO         1736    i.putRTUtoASCII     modbus.o
    0x0800a97e   0x0800a97e   0x00000002   PAD
    0x0800a980   0x0800a980   0x00000078   Code   RO         1186    i.putSensorState    task05.o
    0x0800a9f8   0x0800a9f8   0x00000146   Code   RO         5180    i.put_fat           ff.o
    0x0800ab3e   0x0800ab3e   0x0000004e   Code   RO         5181    i.putc_bfd          ff.o
    0x0800ab8c   0x0800ab8c   0x0000013c   Code   RO         6777    i.pvPortMalloc      heap_4.o
    0x0800acc8   0x0800acc8   0x00000020   Code   RO         6103    i.pvTaskIncrementMutexHeldCount  tasks.o
    0x0800ace8   0x0800ace8   0x00000024   Code   RO         6839    i.pxPortInitialiseStack  port.o
    0x0800ad0c   0x0800ad0c   0x00000088   Code   RO         1070    i.readCfgData       task03.o
    0x0800ad94   0x0800ad94   0x0000006c   Code   RO          990    i.readFMtoCfg       task02.o
    0x0800ae00   0x0800ae00   0x000000b0   Code   RO         1071    i.readMsuData       task03.o
    0x0800aeb0   0x0800aeb0   0x00000098   Code   RO         1839    i.readTxRTU         modbusslave.o
    0x0800af48   0x0800af48   0x00000024   Code   RO          908    i.recDelay          task01.o
    0x0800af6c   0x0800af6c   0x00000068   Code   RO         1260    i.relayCtrl         task06.o
    0x0800afd4   0x0800afd4   0x00000040   Code   RO         1261    i.relayTFmaster     task06.o
    0x0800b014   0x0800b014   0x0000007a   Code   RO         5182    i.remove_chain      ff.o
    0x0800b08e   0x0800b08e   0x00000002   PAD
    0x0800b090   0x0800b090   0x00000048   Code   RO         1662    i.sensorConfigDataRead  doppler.o
    0x0800b0d8   0x0800b0d8   0x000000f2   Code   RO         1663    i.sensorConfigDataWrite  doppler.o
    0x0800b1ca   0x0800b1ca   0x00000002   PAD
    0x0800b1cc   0x0800b1cc   0x0000004c   Code   RO         1664    i.sensorMeasureDataRead  doppler.o
    0x0800b218   0x0800b218   0x00000010   Code   RO         5183    i.st_clust          ff.o
    0x0800b228   0x0800b228   0x00000020   Code   RO         5184    i.sum_sfn           ff.o
    0x0800b248   0x0800b248   0x000000f4   Code   RO         5185    i.sync_fs           ff.o
    0x0800b33c   0x0800b33c   0x00000060   Code   RO         5186    i.sync_window       ff.o
    0x0800b39c   0x0800b39c   0x00000044   Code   RO          991    i.timeRunning       task02.o
    0x0800b3e0   0x0800b3e0   0x00000022   Code   RO         5187    i.unlock_fs         ff.o
    0x0800b402   0x0800b402   0x00000028   Code   RO         5741    i.uxListRemove      list.o
    0x0800b42a   0x0800b42a   0x00000002   PAD
    0x0800b42c   0x0800b42c   0x00000018   Code   RO          275    i.vApplicationGetIdleTaskMemory  freertos.o
    0x0800b444   0x0800b444   0x0000001a   Code   RO         5742    i.vListInitialise   list.o
    0x0800b45e   0x0800b45e   0x00000006   Code   RO         5743    i.vListInitialiseItem  list.o
    0x0800b464   0x0800b464   0x00000034   Code   RO         5744    i.vListInsert       list.o
    0x0800b498   0x0800b498   0x00000018   Code   RO         5745    i.vListInsertEnd    list.o
    0x0800b4b0   0x0800b4b0   0x00000054   Code   RO         6841    i.vPortEnterCritical  port.o
    0x0800b504   0x0800b504   0x0000003c   Code   RO         6842    i.vPortExitCritical  port.o
    0x0800b540   0x0800b540   0x00000094   Code   RO         6778    i.vPortFree         heap_4.o
    0x0800b5d4   0x0800b5d4   0x00000028   Code   RO         6843    i.vPortSetupTimerInterrupt  port.o
    0x0800b5fc   0x0800b5fc   0x00000078   Code   RO         6844    i.vPortValidateInterruptPriority  port.o
    0x0800b674   0x0800b674   0x00000032   Code   RO         5790    i.vQueueDelete      queue.o
    0x0800b6a6   0x0800b6a6   0x00000002   PAD
    0x0800b6a8   0x0800b6a8   0x00000030   Code   RO         5791    i.vQueueUnregisterQueue  queue.o
    0x0800b6d8   0x0800b6d8   0x0000005c   Code   RO         6109    i.vTaskDelay        tasks.o
    0x0800b734   0x0800b734   0x00000018   Code   RO         6112    i.vTaskInternalSetTimeOutState  tasks.o
    0x0800b74c   0x0800b74c   0x0000000c   Code   RO         6113    i.vTaskMissedYield  tasks.o
    0x0800b758   0x0800b758   0x00000038   Code   RO         6115    i.vTaskPlaceOnEventList  tasks.o
    0x0800b790   0x0800b790   0x000000f4   Code   RO         6117    i.vTaskPriorityDisinheritAfterTimeout  tasks.o
    0x0800b884   0x0800b884   0x000000b0   Code   RO         6122    i.vTaskStartScheduler  tasks.o
    0x0800b934   0x0800b934   0x00000010   Code   RO         6124    i.vTaskSuspendAll   tasks.o
    0x0800b944   0x0800b944   0x0000008c   Code   RO         6125    i.vTaskSwitchContext  tasks.o
    0x0800b9d0   0x0800b9d0   0x00000050   Code   RO         5188    i.validate          ff.o
    0x0800ba20   0x0800ba20   0x00000010   Code   RO          992    i.waitCfgInitState  task02.o
    0x0800ba30   0x0800ba30   0x00000050   Code   RO          993    i.writeCfgToFM      task02.o
    0x0800ba80   0x0800ba80   0x00000058   Code   RO         1072    i.writeCfgToSensor  task03.o
    0x0800bad8   0x0800bad8   0x00000064   Code   RO         1840    i.writeTxRTU        modbusslave.o
    0x0800bb3c   0x0800bb3c   0x000000f8   Code   RO         6845    i.xPortStartScheduler  port.o
    0x0800bc34   0x0800bc34   0x0000005e   Code   RO         5794    i.xQueueGenericCreate  queue.o
    0x0800bc92   0x0800bc92   0x000000de   Code   RO         5795    i.xQueueGenericCreateStatic  queue.o
    0x0800bd70   0x0800bd70   0x00000098   Code   RO         5796    i.xQueueGenericReset  queue.o
    0x0800be08   0x0800be08   0x000001a8   Code   RO         5797    i.xQueueGenericSend  queue.o
    0x0800bfb0   0x0800bfb0   0x000000e0   Code   RO         5799    i.xQueueGiveFromISR  queue.o
    0x0800c090   0x0800c090   0x000000ca   Code   RO         5805    i.xQueueReceiveFromISR  queue.o
    0x0800c15a   0x0800c15a   0x00000002   PAD
    0x0800c15c   0x0800c15c   0x000001b8   Code   RO         5806    i.xQueueSemaphoreTake  queue.o
    0x0800c314   0x0800c314   0x0000008c   Code   RO         6126    i.xTaskCheckForTimeOut  tasks.o
    0x0800c3a0   0x0800c3a0   0x00000064   Code   RO         6127    i.xTaskCreate       tasks.o
    0x0800c404   0x0800c404   0x000000b8   Code   RO         6128    i.xTaskCreateStatic  tasks.o
    0x0800c4bc   0x0800c4bc   0x00000020   Code   RO         6132    i.xTaskGetSchedulerState  tasks.o
    0x0800c4dc   0x0800c4dc   0x00000148   Code   RO         6135    i.xTaskIncrementTick  tasks.o
    0x0800c624   0x0800c624   0x000000c8   Code   RO         6138    i.xTaskPriorityDisinherit  tasks.o
    0x0800c6ec   0x0800c6ec   0x000000c8   Code   RO         6139    i.xTaskPriorityInherit  tasks.o
    0x0800c7b4   0x0800c7b4   0x00000098   Code   RO         6140    i.xTaskRemoveFromEventList  tasks.o
    0x0800c84c   0x0800c84c   0x00000104   Code   RO         6141    i.xTaskResumeAll    tasks.o
    0x0800c950   0x0800c950   0x000000c4   Data   RO          277    .constdata          freertos.o
    0x0800ca14   0x0800ca14   0x00000014   Data   RO         1187    .constdata          task05.o
    0x0800ca28   0x0800ca28   0x00000200   Data   RO         1512    .constdata          softcrc.o
    0x0800cc28   0x0800cc28   0x00000010   Data   RO         1737    .constdata          modbus.o
    0x0800cc38   0x0800cc38   0x00000018   Data   RO         5034    .constdata          system_stm32f1xx.o
    0x0800cc50   0x0800cc50   0x0000003a   Data   RO         5190    .constdata          ff.o
    0x0800cc8a   0x0800cc8a   0x0002acc8   Data   RO         5616    .constdata          cc936.o
    0x08037952   0x08037952   0x00000002   PAD
    0x08037954   0x08037954   0x00000037   Data   RO          278    .conststring        freertos.o
    0x0803798b   0x0803798b   0x00000001   PAD
    0x0803798c   0x0803798c   0x00000020   Data   RO         7255    Region$$Table       anon$$obj.o


    Execution Region RW_IRAM1 (Exec base: 0x20000000, Load base: 0x080379ac, Size: 0x00005050, Max: 0x0000c000, ABSOLUTE)

    Exec Addr    Load Addr    Size         Type   Attr      Idx    E Section Name        Object

    0x20000000   0x080379ac   0x0000001c   Data   RW          279    .data               freertos.o
    0x2000001c   0x080379c8   0x00000008   Data   RW          422    .data               crc.o
    0x20000024   0x080379d0   0x00000018   Data   RW          794    .data               user_diskio.o
    0x2000003c   0x080379e8   0x00000005   Data   RW          865    .data               fatfs.o
    0x20000041   0x080379ed   0x00000003   PAD
    0x20000044   0x080379f0   0x00000014   Data   RW          910    .data               task01.o
    0x20000058   0x08037a04   0x00000009   Data   RW          995    .data               task02.o
    0x20000061   0x08037a0d   0x00000001   PAD
    0x20000062   0x08037a0e   0x00000004   Data   RW         1074    .data               task03.o
    0x20000066   0x08037a12   0x00000001   Data   RW         1136    .data               task04.o
    0x20000067   0x08037a13   0x00000001   PAD
    0x20000068   0x08037a14   0x00000004   Data   RW         1188    .data               task05.o
    0x2000006c   0x08037a18   0x00000014   Data   RW         1333    .data               usercom.o
    0x20000080   0x08037a2c   0x00000001   Data   RW         1454    .data               pcf8563.o
    0x20000081   0x08037a2d   0x00000001   Data   RW         1547    .data               sdcard.o
    0x20000082   0x08037a2e   0x00000002   PAD
    0x20000084   0x08037a30   0x00000009   Data   RW         2354    .data               stm32f1xx_hal.o
    0x2000008d   0x08037a39   0x00000003   PAD
    0x20000090   0x08037a3c   0x00000004   Data   RW         5035    .data               system_stm32f1xx.o
    0x20000094   0x08037a40   0x00000006   Data   RW         5191    .data               ff.o
    0x2000009a   0x08037a46   0x00000002   PAD
    0x2000009c   0x08037a48   0x0000003c   Data   RW         6144    .data               tasks.o
    0x200000d8   0x08037a84   0x00000018   Data   RW         6783    .data               heap_4.o
    0x200000f0   0x08037a9c   0x0000000c   Data   RW         6846    .data               port.o
    0x200000fc        -       0x00000254   Zero   RW          276    .bss                freertos.o
    0x20000350        -       0x00000030   Zero   RW          380    .bss                adc.o
    0x20000380        -       0x00000058   Zero   RW          464    .bss                spi.o
    0x200003d8        -       0x00000090   Zero   RW          508    .bss                tim.o
    0x20000468        -       0x00000140   Zero   RW          564    .bss                usart.o
    0x200005a8        -       0x00000048   Zero   RW          753    .bss                stm32f1xx_hal_timebase_tim.o
    0x200005f0        -       0x00000c60   Zero   RW          909    .bss                task01.o
    0x20001250        -       0x000000d0   Zero   RW          994    .bss                task02.o
    0x20001320        -       0x000000c8   Zero   RW         1073    .bss                task03.o
    0x200013e8        -       0x00000a14   Zero   RW         1332    .bss                usercom.o
    0x20001dfc        -       0x00000100   Zero   RW         1841    .bss                modbusslave.o
    0x20001efc        -       0x00000018   Zero   RW         5189    .bss                ff.o
    0x20001f14        -       0x0000000c   Zero   RW         5505    .bss                ff_gen_drv.o
    0x20001f20        -       0x00000040   Zero   RW         5807    .bss                queue.o
    0x20001f60        -       0x000000f0   Zero   RW         6143    .bss                tasks.o
    0x20002050        -       0x00002000   Zero   RW         6782    .bss                heap_4.o
    0x20004050        -       0x00001000   Zero   RW            1    STACK               startup_stm32f103xe.o


==============================================================================

Image component sizes


      Code (inc. data)   RO Data    RW Data    ZI Data      Debug   Object Name

       204         24          0          0         48       1749   adc.o
       180         18     175304          0          0       2327   cc936.o
       440          8          0          0          0      29622   cmsis_os.o
        80         18          0          8          0       1551   crc.o
       208         24          0          0          0       3889   diskio.o
      2152         32          0          0          0       5966   doppler.o
       742         20          0          0          0       6352   dwin.o
         0          0          0          0          0      16820   event_groups.o
        32         12          0          5          0       4516   fatfs.o
     10922        158         58          6         24      44031   ff.o
       102          6          0          0         12       1703   ff_gen_drv.o
       388         28          0          0          0       3597   fm25cl64.o
       330         44        251         28        596      10530   freertos.o
       340         18          0          0          0       1107   gpio.o
       692         62          0         24       8192       7407   heap_4.o
       148          0          0          0          0       3566   list.o
       224          6          0          0          0     538708   main.o
       662         30         16          0          0       9618   modbus.o
      2116        132          0          0        256       7193   modbusslave.o
      1628         52          0          1          0       8160   pcf8563.o
       854         78          0         12          0      11541   port.o
      2262         20          0          0         64      17752   queue.o
      1686         62          0          1          0      11105   sdcard.o
        60         10        512          0          0       1445   softcrc.o
       204         20          0          0         88       1737   spi.o
        36          8        304          0       4096        808   startup_stm32f103xe.o
        76         20          0          9          0       5402   stm32f1xx_hal.o
       786         26          0          0          0       3232   stm32f1xx_hal_adc.o
       252         22          0          0          0      28822   stm32f1xx_hal_cortex.o
        32          0          0          0          0       1071   stm32f1xx_hal_crc.o
       424         10          0          0          0       1275   stm32f1xx_hal_dma.o
       860         40          0          0          0       3431   stm32f1xx_hal_gpio.o
        84          8          0          0          0        946   stm32f1xx_hal_msp.o
      1852        120          0          0          0       6853   stm32f1xx_hal_rcc.o
       304         14          0          0          0       1448   stm32f1xx_hal_rcc_ex.o
       876          6          0          0          0       4262   stm32f1xx_hal_spi.o
      2272        102          0          0          0      16168   stm32f1xx_hal_tim.o
       160         22          0          0          0       2505   stm32f1xx_hal_tim_ex.o
       136         18          0          0         72       1539   stm32f1xx_hal_timebase_tim.o
      1370         10          0          0          0       9711   stm32f1xx_hal_uart.o
       152         32          0          0          0       6211   stm32f1xx_it.o
        88          0          0          0          0      18220   syscall.o
         2          0         24          4          0       1191   system_stm32f1xx.o
       664        192          0         20       3168      13350   task01.o
       432         46          0          9        208       4568   task02.o
       986         52          0          4        200       4706   task03.o
       246         18          0          1          0       2683   task04.o
      1714         78         20          4          0       6210   task05.o
       536         56          0          0          0       2797   task06.o
        10          0          0          0          0        437   task07.o
      3238        374          0         60        240      25425   tasks.o
       436         48          0          0        144       3065   tim.o
       960         90          0          0        320       4418   usart.o
       348         16          0         24          0       4832   user_diskio.o
       704         52          0         20       2580       2372   usercom.o

    ----------------------------------------------------------------------
     46756       2362     176524        252      20308     939950   Object Totals
         0          0         32          0          0          0   (incl. Generated)
        64          0          3         12          0          0   (incl. Padding)

    ----------------------------------------------------------------------

      Code (inc. data)   RO Data    RW Data    ZI Data      Debug   Library Member Name

         0          0          0          0          0          0   entry.o
         0          0          0          0          0          0   entry10a.o
         0          0          0          0          0          0   entry11a.o
         4          0          0          0          0          0   entry12b.o
         8          4          0          0          0          0   entry2.o
         4          0          0          0          0          0   entry5.o
         0          0          0          0          0          0   entry7b.o
         0          0          0          0          0          0   entry8b.o
         8          4          0          0          0          0   entry9a.o
        30          0          0          0          0          0   handlers.o
        36          8          0          0          0         68   init.o
         0          0          0          0          0          0   iusefp.o
        30          0          0          0          0         68   llshl.o
        36          0          0          0          0         68   llsshr.o
        32          0          0          0          0         68   llushr.o
        36          0          0          0          0         68   memcpya.o
        36          0          0          0          0        108   memseta.o
      2236         86          0          0          0        532   printfa.o
        44          0          0          0          0         80   uidiv.o
        98          0          0          0          0         92   uldiv.o
        48          0          0          0          0         68   cdrcmple.o
        20          0          0          0          0         68   cfcmple.o
        20          0          0          0          0         68   cfrcmple.o
       334          0          0          0          0        148   dadd.o
       222          0          0          0          0        100   ddiv.o
       186          0          0          0          0        176   depilogue.o
        62          0          0          0          0         80   dfixi.o
        48          0          0          0          0         68   dfixul.o
       228          0          0          0          0         96   dmul.o
        38          0          0          0          0         68   f2d.o
       176          0          0          0          0        140   fadd.o
       124          0          0          0          0         88   fdiv.o
       110          0          0          0          0        168   fepilogue.o
        50          0          0          0          0         68   ffixi.o
        40          0          0          0          0         68   ffixui.o
        18          0          0          0          0         68   fflti.o
        10          0          0          0          0         68   ffltui.o
       100          0          0          0          0         76   fmul.o

    ----------------------------------------------------------------------
      4476        102          0          0          0       2836   Library Totals
         4          0          0          0          0          0   (incl. Padding)

    ----------------------------------------------------------------------

      Code (inc. data)   RO Data    RW Data    ZI Data      Debug   Library Name

      2638        102          0          0          0       1152   mc_w.l
      1834          0          0          0          0       1684   mf_w.l

    ----------------------------------------------------------------------
      4476        102          0          0          0       2836   Library Totals

    ----------------------------------------------------------------------

==============================================================================


      Code (inc. data)   RO Data    RW Data    ZI Data      Debug   

     51232       2464     176524        252      20308     922970   Grand Totals
     51232       2464     176524        252      20308     922970   ELF Image Totals
     51232       2464     176524        252          0          0   ROM Totals

==============================================================================

    Total RO  Size (Code + RO Data)               227756 ( 222.42kB)
    Total RW  Size (RW Data + ZI Data)             20560 (  20.08kB)
    Total ROM Size (Code + RO Data + RW Data)     228008 ( 222.66kB)

==============================================================================

